[    0.000000] Initializng cgroup subyscpet
[  00000] Initializing cgroup subsys cpu
[    0.000000] Initializing cgroup subsys cpuacct
[    0.000000] Linux version 4.4.0-135-generic (buildd@lcy01-amd64-020) (gcc version 5.4.0 20160609 (Ubuntu 5.4.0-6ubuntu1~16.04.10) ) #161-Ubuntu SMP Mon Aug 27 10:45:01 UTC 2018 (Ubuntu 4.4.0-135.161-generic 4.4.140)
[    0.000000] Command line: BOOT_IMAGE=/boot/vmlinuz-4.4.0-1-geric rt=AB=cloudig-otfs ro console=tty1 console=ttyS0
[    0.000000] KERNEL supported cpus:
[    0.000000]   Intel GenuineIntel
[    0.000000]   AMD AuthenticAMD
[    0.000000]   Centaur CentaurHauls
[    0.000000] x86/fpu: xstate_offset[2]:  576, xstate_sizes[2]:  256
[   0.000000] x86/fpu: Supporting XSAVE feature 0x01: 'x87 floating poit registers'
[    0.000000] x86/fpu: Supporting XSAVE feature 0x02: 'SSE registers'
[    0.000000] x86/fpu: Supporting XSAVE feature 0x04: 'AVX registers'
[    0.000000] x86/fpu: Enabled xstate features 0x7, context size is 832 bytes, using 'standard' format.
[    0.000000] e820: BIOS-provided physical RAM map:
[    0.000000] BIOS-e820: [mem 0x0000000000000000-0x000000000009fbff] usable
[    0.000000] BIOS-e820: [mem 0x000000000009fc00-0x000000000009ffff] reserved
[    0.000000] BIOS-e820: [mem 0x00000000000f0000-0x00000000000fffff] reserved
[    0.000000] BIOS-e820: [mem 0x0000000000100000-0x000000003ffeffff] usable
[    0.000000] BIOS-e820: [mem 0x000000003fff0000-0x000000003fffffff] ACPI data
[    0.000000] BIOS-e820: [mem 0x00000000fec00000-0x00000000fec00fff] reserved
[    0.000000] BIOS-e820: [mem 0x00000000fee00000-0x00000000fee00fff] reserved
[    0.000000] BIOS-e820: [mem 0x00000000fffc0000-0x00000000ffffffff] reserved
[    0.000000] NX (Execute Disable) protecon: active
[    0.000000] SMBIOS 2.5 present.
[    0.00000Hypervisor detected: KVM
[    0.000000] e820: last_pfn = 0x3fff0 max_arch_pfn = 0x400000000
[    0.000000] MTRR: Disabled
[    0.000000] x86/PAT: MTRRs disabled, skipping PAT initialization too.
[    0.000000] CPU MTRRs all blank - virtualized system.
[    0.000000] x86/PAT: Configuration [0-7]: WB  WT  UC- UC  WB  WT  UC- UC  
[    0.000000] found SMP MP-table at [mem 0x0009fff0-0x0009ffff] mapped at [ffff88000009fff0]
[    0.000000] Scanning 1 areas for low memory corruption
[    0.000000] RAMDISK: [mem 0x3630a000-0x3717cfff]
[    0.000000] ACPI: Early table checksum verification disabled
[    0.000000] ACPI: RSDP 0x00000000000E0000 000024 (v02 VBOX  )
[    0.000000] ACPI: XSDT 0x000000003FFF0030 00003C (v01 VBOX   VBOXXSDT 00000001 ASL  00000061)
[    0.000000] ACPI: FACP 0x000000003FFF00F0 0000F4 (v04 VBOX   VBOXFACP 00000001 ASL  00000061)
[    0.000000] ACPI: DSDT 0x000000003FFF0470 0021FF (v02 VBOX   VBOXBIOS 00000002 INTL 20160108)
[    0.000000] ACPI: FACS 0x000000003FFF0200 000040
[    0.000000] ACPI: FACS 0x000000003FFF0200 000040
[    0.000000] ACPI: APIC 0x000000003FFF0240 00005C (v02 VBOX   VBOXAPIC 00000001 ASL  00000061)
[    0.000000] ACPI: SSDT 0x000000003FFF02A0 0001CC (v01 VBOX   VBOXCPUT 00000002 INTL 20160108)
[    0.00000] No NUMA configuration found
[    0.000000] Faking a node at [mem 0x0000000000000000-0x000000003ffeffff]
[    0.000000] NODE_DATA(0) allocated [mem 0x3ffeb000-0x3ffeffff]
[    0.000000] kvm-clo: sing msrs 4564d01 and 4b564d00
[    0.000000] kvm-clock: cpu 0, msr 0:3ffe3001, primary cpu clock
[    0.000000] kvm-clock: using sched offset of 3903233640 cycles
[    0.000000] clocksource: kvm-clock: mask: 0xffffffffffffffff max_cycles: 0x1cd42e4dffb, max_idle_ns: 881590591483 ns
    0.000000] Zone ranges:
[    0.000000]   DMA      [mem 0x00000000001000-0x0000000000ffffff]
[    0.000000]   DMA32   [m 0x000000010000-00000003ffeffff]
[    0.000000]   Normal   empty
[    0.000000]   Deve empty
[    0.000000] Movable zon start for each node
[    0.000000] Early memory node ranges
[    0.000000]   node   0: [mem 0x0000000000001000-000000000009efff]
[    0.000000]   node   0: [mem 0x000000000010000-0x000000003ffeffff]
[    0.000000] Initmem setup node 0 [mem 0x0000000000001000-0x000000003ffeffff]
[    0.000000] ACPI: PM-Timer IO Port: 0x4008
[    0.000000] IOAPIC[0]: apic_id 2, version 32, address 0xfec00000, GSI 0-23
[    0.000000] ACPI: INT_SRC_OVR (bus 0 bus_irq 0 global_irq 2 dfl dfl)
[    0.000000] ACPI: INT_SRC_OVR (bus 0 bus_irq 9 global_irq 9 low level)
[    0.000000] Using ACPI (MADT) for SMP configuration information
[    0.000000] smpboot: Allowing 2 CPUs, 0 hotplug CPUs
[    0.000000] PM: Registered nosave memory: [mem 0x00000000-0x00000fff]
[    0.000000]PMReisered nosave memory: [mem 0x0009f000-0x0009ffff]
[    0.000000] PM: Registered nosave memory: [mem 0x000a0000-0x000effff]
[    0.000000] PM: Registered nosave memory: [mem 0x000f0000-0x000fffff]
[    0.000000] e820: [mem 0x40000000-0xfebfffff] available for PCI devices
[    0.000000] Booting paravirtualized kernel on KVM
[    0.000000] clocksource: refined-jiffies: mask: 0xffffffff max_cycles: 0xffffffff, max_idle_ns: 7645519600211568 ns
[    0.000000] setup_percpu: NR_CPUS:512 nr_cpumask_bits:512 nr_cpu_ids:2 nr_node_ids:1
[    0.000000] PERCPU: Embedded 34 pages/cpu @ffff88003fc00000 s99544 r8192 d31528 u1048576
[    0.000000] PV qspinlock hash table entries: 256 (order: 0, 4096 bytes)
[    0.000000] Built 1 zonelists in Node order, mobility grouping on.  Total pages: 257912
[    0.000000] Policy zone: DMA32
[    0.0000] Kernel command line: BOOT_IMAGE=/boot/vmlinuz-4.4.0-135-generic root=LABEL=cloudimg-rootfs ro console=tty1 console=ttyS0
[    0.000000] PID hash table entries: 4096 (orr:, 32768 bytes)[    0.000000] Memory: 997720K/1048120K available (8554K kernel code, 1314K rwdata, 4004K rodata, 16K init, 1316K bss 5400K reserved, 0K cma-reserved)
[    0.000000] SLUB: HWalign=64, Order=0-3, MinObjects=0, CPUs=2, Nodes=1
[    0.000000] Kernel/User page tables isolation: enabled
[    0.000000] Hierarchical RCU implementation.
[    0.000000] 	Build-time adjustment of leaf fanout to 64.
[    0.000000] 	RCU restricting CPUs from NR_CPUS=512 to nr_cpu_ids=2.
[    0.000000] RCU: Adjusting geometry fr rcu_fanout_leaf=64, r_cpu_ids=2
[    0.000000] NR_IRQS:33024 nr_irqs:440 16
[    0.000000] Conse: colour VGA+ 80x25
[    0.000000] console [tty1] enabled
[    0.000000] console [ttyS0] enabled
[    0.000000] tsc: Detected 3192.606 MHz procssor
[    1.148326] Calibrating delay loop (skipped) preset value.. 6385.21 BogoMIPS (lpj=12770424)
[    1.157736] pid_max: default: 32768 minimum: 301
[    1.163854] ACPI: Core revision 20150930
[    1.165344] ACPI: 2 ACPI AML tables successfully acquired and loaded
[    1.167651] Security Framework initialized
[    1.168423] Yama: becoming mindful.
[    1.169151] AppArmor: AppArmor initialized
[    1.175168] Dentry cache hash table entries: 131072 (order: 8, 1048576 bytes)
[    1.177311] Inode-cache hash table entries: 65536 (order: 7, 524288 bytes)
[    1.178560] Mount-cache hash table entries: 2048 (order: 2, 16384 bytes)
[    1.179625] Mountpoint-cache hash table entries: 2048 (order: 2, 16384 bytes)
[    1.216486] Initializing cgroup subsys io
[    1.217235] Initializing cgroup subsys memory
[    1.218064] Initializing cgroup subsys devices
[    1.218712] Initializing cgroup subsys freezer
[    1.224701] Initializing cgroup subsys net_cls
[    1.225421] Initializing cgroup subsys perf_event
[    1.226219] Initializing cgroup subsys net_prio
[    1.226971] Initializing cgroup subsys hugetlb
[    1.227715] Initializing cgroup subsys pids
[    1.229303] mce: CPU supports 0 MCE banks
[    1.233767] Last level iTLB entries: 4KB 1024, 2MB 1024, 4MB 1024
[    1.234810] Last level dTLB entries: 4KB 1024, 2MB 1024, 4MB 1024, 1GB 4
[    1.236945] Spectre V2 : Mitigation: Full generic retpoline
[    1.237927] Spectre V2 : Speculation control IBPB not-supported IBRS not-supported
[    1.239140] Speculative Store Bypass: Vulnerable
[    1.242149] Freeing SMP alternatives memory: 32K
[    1.251409] ftrace: allocating 32266 entries in 127 pages
[    1.298475] smpboot: APIC(0) Converting physical 0 to logical package 0
[    1.305328] smpboot: Max logical packages: 1
[    1.311764] x2apic enabled
[    1.312547] Switched APIC routing to physical x2apic.
[    1.314408] ..TIMER: vector=0x30 apic1=0 pin1=2 apic2=-1 pin2=-1
[    1.433393] smpboot: CPU0: Intel(R) Core(TM) i5-4570 CPU @ 3.20GHz (family: 0x6, model: 0x3c, stepping: 0x3)
[    1.439171] Performance Events: unsupported p6 CPU model 60 no PMU driver, software events only.
[    1.454006] KVM setup paravirtual spinlock
[    1.465989] x86: Booting SMP configuration:
[    1.466607] .... node  #0, CPUs:      #1
[   1.497325] kvm-clock: cpu 1, msr 0:3ffe3041, secondary cpu clock
[    1.527520] mce: CPU supports 0 MCE banks
[    1.575676] x86: Booted up 1 node, 2 CPUs
[    1.581513] smpboot: Total of 2 processors activated (12770.42 BogoMIPS)
[    1.582676] devtmpfs: initialized
[    1.584491] evm: security.selinux
[    1.585079] evm: security.SMACK64
[    1.586724] evm: security.SMACK64EXEC
[    1.588409] evm: security.SMACK64TRANSMUTE
[    1.591585] evm: security.SMACK64MMAP
[    1.592133] evm: security.ima
[    1.592614] evm: security.capability
[    1.593380] clocksource: jiffies: mask: 0xffffffff max_cycles: 0xffffffff, max_idle_ns: 7645041785100000 ns
[    1.594689] futex hash table entries: 512 (order: 3, 32768 bytes)
[    1.595596] pinctrl core: initialized pinctrl subsystem
[    1.596436] RTC time: 10:04:59, date: 10/03/18
[    1.597244] NET: Registered protocol family 16
[    1.609006] cpuidle: using governor ladder
[    1.621175] cpuidle: using governor menu
[    1.647582] PCCT header not found.
[    1.674047] ACPI: bus type PCI registered
[    1.674651] acpiphp: ACPI Hot Plug PCI Controller Driver version: 0.5
[    1.711850] PCI: Using configuration type 1 for base access
[    1.734188] ACPI: Added _OSI(Module Device)
[    1.745891] ACPI: Added _OSI(Processor Device)
[    1.746557] ACPI: Added _OSI(3.0 _SCP Extensions)
[    1.752701] ACPI: Added _OSI(Processor Aggregator Device)
[    1.754140] ACPI: Executed 1 blocks of module-level executable AML code
[    1.769497] ACPI: Interpreter enabled
[    1.772973] ACPI: (supports S0 S5)
[    1.773677] ACPI: Using IOAPIC for interrupt routing
[    1.774592] PCI: Using host bridge windows from ACPI; if necessary, use "pci=nocrs" and report a bug
[    1.784420] ACPI: PCI Root Bridge [PCI0] (domain 0000 [bus 00-ff])
[    1.804277] acpi PNP0A03:00: _OSC: OS supports [ASPM ClockPM Segments MSI]
[    1.810401] acpi PNP0A03:00: _OSC: not requesting OS control; OS requires [ExtendedConfig ASPM ClockPM MSI]
[    1.811667] acpi PNP0A03:00: fail to add MMCONFIG information, can't access extended PCI configuration space under this bridge.
[    1.824464] PCI host bridge to bus 0000:00
[    1.825079] pci_bus 0000:00: root bus resource [io  0x0000-0x0cf7 window]
[    1.825971] pci_bus 0000:00: root bus resource [io  0x0d00-0xffff window]
[    1.826824] pci_bus 0000:00: root bus resource [mem 0x000a0000-0x000bffff window]
[    1.828022] pci_bus 0000:00: root bus resource [mem 0x40000000-0xfdffffff window]
[    1.855070] pci_bus 0000:00: root bus resource [bus 00-ff]
[    1.859285] pci 0000:00:01.1: legacy IDE quirk: reg 0x10: [io  0x01f0-0x01f7]
[    1.860188] pci 0000:00:01.1: legacy IDE quirk: reg 0x14: [io  0x03f6]
[    1.867741] pci 0000:00:01.1: legacy IDE quirk: reg 0x18: [io  0x0170-0x0177]
[    1.876820] pci 0000:00:01.1: legacy IDE quirk: reg 0x1c: [io  0x0376]
[    1.897491] pci 0000:00:07.0: quirk: [io  0x4000-0x403f] claimed by PIIX4 ACPI
[    1.927568] pci 0000:00:07.0: quirk: [io  0x4100-0x410f] claimed by PIIX4 SMB
[    1.946826] ACPI: PCI Interrupt Link [LNKA] (IRQs 5 9 10 *11)
[    1.954583] ACPI: PCI Interrupt Link [LNKB] (IRQs 5 9 *10 11)
[    1.965149] ACPI: PCI Interrupt Link [LNKC] (IRQs 5 *9 10 11)
[    1.972143] ACPI: PCI Interrupt Link [LNKD] (IRQs 5 9 10 *11)
[    1.980391] ACPI: Enabled 2 GPEs in block 00 to 07
[    1.984834] vgaarb: setting as boot device: PCI:0000:00:02.0
[    1.985659] vgaarb: device added: PCI:0000:00:02.0,decodes=io+mem,owns=io+mem,locks=none
[    1.991673] vgaarb: loaded
[    1.992156] vgaarb: bridge control possible 0000:00:02.0
[    1.993125] SCSI subsystem initialized
[    1.993828] ACPI: bus type USB registered
[    1.994445] usbcore: registered new interface driver usbfs
[    1.995194] usbcore: registered new interface driver hub
[    1.995946] usbcore: registered new device driver usb
[    1.997238] PCI: Using ACPI for IRQ routing
[    2.004853] NetLabel: Initializing
[    2.005539] NetLabel:  domain hash size = 128
[    2.006235] NetLabel:  protocols = UNLABELED CIPSOv4
[    2.007038] NetLabel:  unlabeled traffic allowed by default
[    2.008134] amd_nb: Cannot enumerate AMD northbridges
[    2.008917] clocksource: Switched to clocksource kvm-clock
[    2.015178] AppArmor: AppArmor Filesystem Enabled
[   2.021354] pnp: PnP ACPI init
[    2.044170] pnp: PnP ACPI: found 3 devices

[   2.052480] clocksource: acpi_pm: mask: 0xffffff max_cycles: 0xffffff, max_idle_ns: 2085701024 ns
[    2.089372] NET: Registedrotocol family 2

[    2.177894] TCP established hash table entrs:19 (de 4 65536 bytes)

[    2.402890] TCP bind hash table entries: 8192 (order: 5, 131072 bytes)
[    2.403924] TCP: Hash tables configured (established 8192 bind 8192)
[    2.404919] UDP hash table entries: 512 (order: 2, 16384 bytes)
[   2.417989] UDP-Lite hash table entries: 512 (order: 2, 16384 bytes)
[   2.440462] NET: Registered protocol family 1
[    2.462403] pci 0000:00:00.0: Limiting direct PCI/PCI transfers
[    2.463356] pci 0000:00:01.0: Activating ISA DMA hang workarounds
[    2.464413] Unpacking initramfs...

[    2.658601] Freeing initrd memory: 14796K
[    2.667812] RAPL PMU detected, API unit is 2^-32 Joules, 4 fixed counters 10737418240 ms ovfl timer
[    2.669594] hw unit of domain pp0-core 2^-0 Joules
[    2.670601] hw unit of domain package 2^-0 Joules
[    2.673307] hw unit of domain dram 2^-0 Joules
[    2.674143] hw unit of domain pp1-gpu 2^-0 Joules
[    2.677346] platform rtc_cmos: registered platform RTC device (no PNP device found)
[    2.697029] Scanning for low memory corruption every 60 seconds
[    2.698250] audit: initializing netlink subsys (disabled)
[    2.704650] audit: type=2000 audit(1538561104.376:1): initialized
[    2.713454] Initialise system trusted keyring
[    2.714454] HugeTLB registered 2 MB page size, pre-allocated 0 pages
[    2.716701] zbud: loaded
[    2.732494] VFS: Disk quotas dquot_6.6.0
[    2.734398] VFS: Dquot-cache hash table entries: 512 (order 0, 4096 bytes)
[    2.747885] squashfs: version 4.0 (2009/01/31) Phillip Lougher
[    2.772535] fuse init (API version 7.23)
[    2.785818] Key type big_key registered
[    2.791856] Allocating IMA MOK and blacklist keyrings.
[    2.798174] Key type asymmetric registered
[    2.809251] Asymmetric key parser 'x509' registered
[    2.816663] Block layer SCSI generic (bsg) driver version 0.4 loaded (major 249)
[    2.819424] io scheduler noop registered
[    2.822169] io scheduler deadline registered (default)
[    2.853549] io scheduler cfq registered
[    2.863245] pci_hotplug: PCI Hot Plug PCI Core version: 0.5
[    2.871397] pciehp: PCI Express Hot Plug Controller Driver version: 0.4
[    2.897012] ACPI: AC Adapter [AC] (on-line)
[    2.897883] input: Power Button as /devices/LNXSYSTM:00/LNXPWRBN:00/input/input0
[    2.941833] ACPI: Power Button [PWRF]
[    2.976752] input: Sleep Button as /devices/LNXSYSTM:00/LNXSLPBN:00/input/input1
[    2.985570] ACPI: Sleep Button [SLPF]
[    2.993759] GHES: HEST is not enabled!
[    2.994480] Serial: 8250/16550 driver, 32 ports, IRQ sharing enabled
[    3.016826] 00:02: ttyS0 at I/O 0x3f8 (irq = 4, base_baud = 115200) is a 16550A
[   3.058371] Linux agpgart interface v0.103
[    3.218345] loop: module loaded
[    3.387123] scsi hos00: ata_piix
[    3.556767] scsi host1: ata_piix
[    3.646697] ata1: PATA max UDMA/33 cmd 0x1f0 ctl 0x3f6 bmdma 0xd000 irq 14
[    3.647619] ata2: PATA max UDMA/33 cmd 0x170 ctl 0x376 bmdma 0xd008 irq 15
[    3.648908] libphy: Fixed MIIO Bus: probed
[    3.677544] tsc: Refined TSC clocksource calibration: 3194.141 MHz
[    3.677546] clocksource: tsc: mask: 0xffffffffffffffff max_cycles: 0x2e0aab5d32b, max_idle_ns: 440795315957 ns
[    3.977570] tun: Universal TUN/TAP device driver, 1.6
[    3.978259] tun: (C) 1999-2004 Max Krasnyansky <maxk@qualcomm.com>
[    3.979126] PPP generic driver version 2.4.2
[    3.979788] ehci_hcd: USB 2.0 'Enhanced' Host Controller (EHCI) Driver
[    4.026638] ehci-pci: EHCI PCI platform driver
[    4.246657] ehci-platform: EHCI generic platform driver
[    4.252317] ohci_hcd: USB 1.1 'Open' Host Controller (OHCI) Driver
[    4.253358] ohci-pci: OHCI PCI platform driver
[    4.254212] ohci-platform: OHCI generic platform driver
[    4.254938] uhci_hcd: USB Universal Host Controller Interface driver
[    4.255865] i8042: PNP: PS/2 Controller [PNP0303:PS2K,PNP0f03:PS2M] at 0x60,0x64 irq 1,12
[    4.257588] serio: i8042 KBD port at 0x60,0x64 irq 1
[    4.266945] serio: i8042 AUX port at 0x60,0x64 irq 12
[    4.506798] mousedev: PS/2 mouse device common for all mice
[    4.557805] rtc_cmos rtc_cmos: rtc core: registered rtc_cmos as rtc0
[    4.577181] input: AT Translated Set 2 keyboard as /devices/platform/i8042/serio0/input/input2
[    4.577194] rtc_cmos rtc_cmos: alarms up to one day, 114 bytes nvram
[    4.577209] i2c /dev entries driver
[    4.577270] device-mapper: uevent: version 1.0.3
[    4.586372] device-mapper: ioctl: 4.34.0-ioctl (2015-10-28) initialised: dm-devel@redhat.com
[    4.586403] ledtrig-cpu: registered to indicate activity on CPUs
[    4.586710] NET: Registered protocol family 10
[    4.586871] NET: Registered protocol family 17
[    4.586885] Key type dns_resolver registered
[    4.587124] registered taskstats version 1
[    4.587136] Loading compiled-in X.509 certificates
[    4.587693] Loaded X.509 cert 'Build time autogenerated kernel key: b7189ebc996fd79c52efc1226b6676b25e4f6a2d'
[    4.587718] zswap: loaded using pool lzo/zbud
[    4.589300] Key type trusted registered
[    4.591437] Key type encrypted registered
[    4.591443] AppArmor: AppArmor sha1 policy hashing enabled
[    4.591446] ima: No TPM chip found, activating TPM-bypass!
[    4.591451] ima: Allocated hash algorithm: sha1
[    4.591462] evm: HMAC attrs: 0x1
[    4.591678]   Magic number: 6:820:71
[    4.598942] rtc_cmos rtc_cmos: setting system clock to 2018-10-03 10:05:02 UTC (1538561102)
[    4.599044] BIOS EDD facility v0.16 2004-Jun-25, 0 devices found
[    4.599044] EDD information not available.
[    4.808779] Freeing unused kernel memory: 1516K
[    4.864997] Write protecting the kernel read-only data: 14336k
[    4.891666] Freeing unused kernel memory: 1672K
[    4.892496] Freeing unused kernel memory: 92K
Loading, please wait...
starting version 229
[    4.909142] random: systemd-udevd: uninitialized urandom read (16 bytes read, 2 bits of entropy available)
[    4.909737] random: udevadm: uninitialized urandom read (16 bytes read, 2 bits of entropy available)
[    4.909754] random: udevadm: uninitialized urandom read (16 bytes read, 2 bits of entropy available)
[    4.916451] random: udevadm: uninitialized urandom read (16 bytes read, 2 bits of entropy available)
[    4.916534] random: udevadm: uninitialized urandom read (16 bytes read, 2 bits of entropy available)
[    4.916806] random: udevadm: uninitialized urandom read (16 bytes read, 2 bits of entropy available)
[    4.916894] random: udevadm: uninitialized urandom read (16 bytes read, 2 bits of entropy available)
[    4.917111] random: udevadm: uninitialized urandom read (16 bytes read, 2 bits of entropy available)
[    4.917198] random: udevadm: uninitialized urandom read (16 bytes read, 2 bits of entropy available)
[    4.917255] random: udevadm: uninitialized urandom read (16 bytes read, 2 bits of entropy available)
[    5.188723] e1000: Intel(R) PRO/1000 Network Driver - version 7.3.21-k8-NAPI
[    5.347954] e1000: Copyright (c) 1999-2006 Intel Corporation.
[    5.426786] Fusion MPT base driver 3.04.20
[    5.427410] Copyright (c) 1999-2008 LSI Corporation
[    5.443157] AVX2 version of gcm_enc/dec engaged.
[    5.453858] AES CTR mode by8 optimization enabled
[    5.463606] Fusion MPT SPI Host driver 3.04.20
[    5.635446] input: ImExPS/2 Generic Explorer Mouse as /devices/platform/i8042/serio1/input/input4
[    5.777540] e1000 0000:00:03.0 eth0: (PCI:33MHz:32-bit) 02:fb:a8:4c:29:d0
[    5.800910] e1000 0000:00:03.0 eth0: Intel(R) PRO/1000 Network Connection
[    5.808125] e1000 0000:00:03.0 enp0s3: renamed from eth0
[    5.808984] mptbase: ioc0: Initiating bringup
[    6.073585] ioc0: LSI53C1030 A0: Capabilities={Initiator}
[    7.107996] scsi host2: ioc0: LSI53C1030 A0, FwRev=00000000h, Ports=1, MaxQ=256, IRQ=20
[    7.541618] scsi 2:0:0:0: Direct-Access     VBOX     HARDDISK         1.0  PQ: 0 ANSI: 5
[    7.817677] scsi target2:0:0: Beginning Domain Validation
[    7.822389] scsi target2:0:0: Domain Validation skipping write tests
[    7.823381] scsi target2:0:0: Ending Domain Validation
[    7.824300] scsi target2:0:0: asynchronous
[    7.825618] scsi 2:0:1:0: Direct-Access     VBOX     HARDDISK         1.0  PQ: 0 ANSI: 5
[    7.834751] scsi target2:0:1: Beginning Domain Validation
[    7.857722] scsi target2:0:1: Domain Validation skipping write tests
[    7.858570] scsi target2:0:1: Ending Domain Validation
[    7.859314] scsi target2:0:1: asynchronous
[    7.863833] sd 2:0:0:0: [sda] 20971520 512-byte logical blocks: (10.7 GB/10.0 GiB)
[    7.865123] sd 2:0:0:0: [sda] Write Protect is off
[    7.865140] sd 2:0:0:0: Attached scsi generic sg0 type 0
[    7.866824] sd 2:0:0:0: [sda] Incomplete mode parameter data
[    7.867711] sd 2:0:0:0: [sda] Assuming drive cache: write through
[    7.870034] sd 2:0:1:0: Attached scsi generic sg1 type 0
[    7.870207] sd 2:0:1:0: [sdb] 20480 512-byte logical blocks: (10.5 MB/10.0 MiB)
[    7.870352] sd 2:0:1:0: [sdb] Write Protect is off
[    7.870403] sd 2:0:1:0: [sdb] Incomplete mode parameter data
[    7.870404] sd 2:0:1:0: [sdb] Assuming drive cache: write through
[    7.883264] sd 2:0:1:0: [sdb] Attached SCSI disk
[    8.510369]  sda: sda1
[    8.528029] sd 2:0:0:0: [sda] Attached SCSI disk
Begin: Loading e[    9.929937] md: linear personality registered for level -1
ssential drivers ... [    9.961884] md: multipath personality registered for level -4
[    9.969435] md: raid0 personality registered for level 0
[    9.979257] md: raid1 personality registered for level 1
[   10.091757] raid6: sse2x1   gen() 10297 MB/s
[   10.192972] raid6: sse2x1   xor()  7917 MB/s
[   10.260968] raid6: sse2x2   gen() 12794 MB/s
[   10.357074] raid6: sse2x2   xor()  8684 MB/s
[   10.428952] raid6: sse2x4   gen() 14818 MB/s
[   10.521049] raid6: sse2x4   xor()  9361 MB/s
[   10.604963] raid6: avx2x1   gen() 18804 MB/s
[   10.672971] raid6: avx2x2   gen() 21436 MB/s
[   10.740966] raid6: avx2x4   gen() 23296 MB/s
[   10.757588] raid6: using algorithm avx2x4 gen() 23296 MB/s
[   10.759237] raid6: using avx2x2 recovery algorithm
[   10.762226] xor: automatically using best checksumming function:
[   10.849384]    avx       : 62012.000 MB/sec
[   10.856582] async_tx: api initialized (async)
[   10.873415] md: raid6 personality registered for level 6
[   10.890582] md: raid5 personality registered for level 5
[   10.894414] md: raid4 personality registered for level 4
[   10.903664] md: raid10 personality registered for level 10
done.
Begin: Running /scripts/init-premount ... done.
Begin: Mounting root file system ... Begin: Running /scripts/local-top ... done.
Begin: [   10.982378] Btrfs loaded
Running /scripts/local-premount ... Scanning for Btrfs filesystems
done.
Warning: fsck not present, so skipping root file[   11.061802] EXT4-fs (sda1): mounted filesystem with ordered data mode. Opts: (null)
 system
done.
Begin: Running /scripts/local-bottom ... done.
Begin: Running /scripts/init-bottom ... done.
[   11.629971] systemd[1]: systemd 229 running in system mode. (+PAM +AUDIT +SELINUX +IMA +APPARMOR +SMACK +SYSVINIT +UTMP +LIBCRYPTSETUP +GCRYPT +GNUTLS +ACL +XZ -LZ4 +SECCOMP +BLKID +ELFUTILS +KMOD -IDN)
[   11.640162] systemd[1]: Detected virtualization oracle.
[   11.640998] systemd[1]: Detected architecture x86-64.

Welcome to [1mUbuntu 16.04.5 LTS[0m!

[ 112778sytemd[: etosnae to <ubuntu>.

[  12.228778] system[1]: niializing machine ID from random geerator.
[   12.368217] systemd[1]: Installed transient /etc/machine-id file.
[   12.393136] random: nonblocking pool is initialized
[   13.181850] systemd[1]: Set up automount Arbitrary Executable File Formats File System Automount Point.
[[0;32m  OK  [0m] Set up automount Arbitrary Executab...ats File System Automount Point.
[   13.193653] systemd[1]: Started Forward Password Requests to Wall Directory Watch.
[[0;32m  OK  [0m] Started Forward Password Requests to Wall Directory Watch.
[   13.195803] systemd[1]: Reached target Encrypted Volumes.
[[0;32m  OK  [0m] Reached target Encrypted Volumes.
[ 13.246685] systmd[1]: Started Trigger resolvconf update for netrkDNS.

[[0;32m  OK  [0m] Started Trigger resolvconf update for networkd DNS.
[   13.406143] systemd[1]: Listening on LVM2 metadata daemon socket.
[[0;32m  OK  [0m] Listening on LVM2 metadata daemon socket.
[   13.407921] systemd[1]: Listening on /dev/initctl Compatibility Named Pipe.
[[0;32m  OK  [0m] Listening on /dev/initctl Compatibility Named Pipe.
[   13.409840] systemd[1]: Reached target User and Group Name Lookups.
[[0;32m  OK  [0m] Reached target User and Group Name Lookups.
[   13.411577] systemd[1]: Listening on udev Kernel Socket.
[[0;32m  OK  [0m] Listening on udev Kernel Socket.
[   13.454306]syted[: ead slice Usr d esion Slice.
[[0;32m  OK  [0m] Created slice User and Session Slice.
[   13.811587] systemd[1]: Listening on Journal Socket.
[[0;32m  OK  [0m] Listening on Journal Socket.
[  1840051] systd[1]: Listening on Syslog Socket.

[[0;32m  OK  [0m] Listening on Syslog Socket.
[   13.993200]ystemd[1]: Listening on Journal Socket dev/log).

[[0;32m  OK  [0m] Listening on Journal Socket (/dev/log).
[   14.086765] systemd[1]: Created slice System Slice.
[[0;32m  OK  [0m] Created slice System Slice.
[   14.181176] systemd[1]: Starting Remount Root and Kernel File Systems...
         Starting Remount[   14.243276] EXT4-fs (sda1): re-mounted. Opts: (null)
 Root and Kernel File Systems...
[   14.253873] systemd[1]: Starting Load Kernel Modules...
         Starting Load Kernel Modules...
[   14.294918] systemd[1]: Reached target Slices.
[[   14.307694] Loading iSCSI transport class v2.0-870.
[0;32m  OK  [0m] Reached target Slices.
[   14.353071] systemd[1]: Starting Nameserver information manager...
         [   14.383897] iscsi: registered transport (tcp)
Starting Nameserver information manager...
[   14.481817] systemd[1]: Mounting POSIX Message Queue File System...
         Mounting POSIX M[   14.537830] iscsi: registered transport (iser)
essage Queue File System...
[   14.617444] systemd[1]: Starting Uncomplicated firewall...
         Starting Uncomplicated firewall...
[   14.622960] systemd[1]: Mounting Debug File System...
         Mounting Debug File System...
[   14.624978] systemd[1]: Starting Create list of required static device nodes for the current kernel...
         Starting Create list of required st... nodes for the current kernel...
[   14.656986] systemd[1]: Created slice system-serial\x2dgetty.slice.
[[0;32m  OK  [0m] Created slice system-serial\x2dgetty.slice.
[   14.658875] systemd[1]: Reached target System Time Synchronized.
[[0;32m  OK  [0m] Reached target System Time Synchronized.
[   14.662750] systemd[1]: Listening on udev Control Socket.
[[0;32m  OK  [0m] Listening on udev Control Socket.
[   14818]ysmd]:Liteinon LVM2 poll daemon socket.

[[0;32m  OK  [0m] Listening on LVM2 poll daemon socket.
[   15.012330] systemd[1]: Listening on Journal Audit Socket.
[[0;32m  OK  [0m] Listening on Journal Audit Socket.
[   15.023338] systemd[1]: Starting Journal Service...
         Starting Journal Service...
[   15.061482] systemd[1]: Mounting Huge Pages File System...
         Mounting Huge Pages File System...
[   15.097020] systemd[1]: Listening on Device-mapper event daemon FIFOs.
[[0;32m  OK  [0m] Listening on Device-mapper event daemon FIFOs.
[   15.117367] systemd[1]: Starting Monitoring of LVM2 mirrors, snapshots etc. using dmeventd or progress polling...
         Starting Monitoring of LVM2 mirrors... dmeventd or progress polling...
[   15.205825] systemd[1]: Starting Set console keymap...
         Starting Set console keymap...
[   15.208218] systemd[1]: Reached target Swap.
[[0;32m  OK  [0m] Reached target Swap.
[   15.219102] systemd[1]: Mounted POSIX Message Queue File System.
[[0;32m  OK  [0m] Mounted POSIX Message Queue File System.
[   15.257427] systemd[1]: Mounted Debug File System.
[[0;32m  OK  [0m] Mounted Debug File System.
[   15.270920] systemd[1]: Mounted Huge Pages File System.
[[0;32m  OK  [0m] Mounted Huge Pages File System.
[   15.313969] systemd[1]: Started Remount Root and Kernel File Systems.
[[0;32m  OK  [0m] Started Remount Root and Kernel File Systems.
[   15.333653] systemd[1]: Started Load Kernel Modules.
[[0;32m  OK  [0m] Started Load Kernel Modules.
[   15.401789] systemd[1]: Started Uncomplicated firewall.
[[0;32m  OK  [0m] Started Uncomplicated firewall.
[   15.466239] systemd[1]: Started Create list of required static device nodes for the current kernel.
[[0;32m  OK  [0m] Started Create list of required sta...ce nodes for the current kernel.
[   15.588434] systemd[1]: Started Set console keymap.
[[0;32m  OK  [0m] Started Set console keymap.
[   15.602317] systemd[1]: Started Nameserver information manager.
[[0;32m  OK  [0m] Started Nameserver information manager.
[   15.650185] systemd[1]: Started Journal Service.
[[0;32m  OK  [0m] Started Journal Service.
[[0;32m  OK  [0m] Started LVM2 metadata daemon.
         Starting Create Static Device Nodes in /dev...
         Mounting FUSE Control File System...
         Starting Apply Kernel Variables...
         Starting Load/Save Random Seed...
         Starting Flush Journal to Persistent Storage...
         Starting udev Coldplug all Devices...
[[0;32m  OK  [0m] Mounted FUSE Control File System.
[[0;32m  OK  [0m] Started Load/Save Random Seed.
[   15.952584] systemd-journald[395]: Received request to flush runtime journal from PID 1
[[0;32m  OK  [0m] Started udev Coldplug all Devices.
[[0;32m  OK  [0m] Started Apply Kernel Variables.
[[0;32m  OK  [0m] Started Flush Journal to Persistent Storage.
[[0;32m  OK  [0m] Started Create Static Device Nodes in /dev.
         Starting udev Kernel Device Manager...
[[0;32m  OK  [0m] Started Monitoring of LVM2 mirrors,...ng dmeventd or progress polling.
[[0;32m  OK  [0m] Started udev Kernel Device Manager.
[[0;32m  OK  [0m] Reached target Local File Systems (Pre).
[[0;32m  OK  [0m] Reached target Local File Systems.
         Starting LSB: AppArmor initialization...
         Starting Set console font and keymap...
         Starting Initial cloud-init job (pre-networking)...
         Starting Commit a transient machine-id on disk...
         Starting Tell Plymouth To Write Out Runtime Data...
         Starting Create Volatile Files and Directories...
[[0;32m  OK  [0m] Started Dispatch Password Requests to Console Directory Watch.
[[0;32m  OK  [0m] Started Commit a transient machine-id on disk.
[[0;32m  OK  [0m] Started Tell Plymouth To Write Out Runtime Data.
[[0;32m  OK  [0m] Started Create Volatile Files and Directories.
         Starting Update UTMP about System Boot/Shutdown...
[[0;32m  OK  [0m] Found device /dev/ttyS0.
[[0;32m  OK  [0m] Started Update UTMP about System Boot/Shutdown.
[[0;32m  OK  [0m] Listening on Load/Save RF Kill Switch Status /dev/rfkill Watch.
[[0;32m  OK  [0m] Started Set console font and keymap.
[[0;32m  OK  [0m] Created slice system-getty.slice.
[[0;32m  OK  [0m] Started LSB: AppArmor initialization.
[   21.240284] cloud-init[483]: Cloud-init v. 18.3-9-g2e62cb8a-0ubuntu1~16.04.2 running 'init-local' at Wed, 03 Oct 2018 10:05:20 +0000. Up 20.73 seconds.
[[0;32m  OK  [0m] Started Initial cloud-init job (pre-networking).
[[0;32m  OK  [0m] Reached target Network (Pre).
         Starting Raise network interfaces...
[[0;32m  OK  [0m] Started Raise network interfaces.
         Starting Initial cloud-init job (metadata service crawler)...
[[0;32m  OK  [0m] Reached target Network.
[   23.452286] cloud-init[932]: Cloud-init v. 18.3-9-g2e62cb8a-0ubuntu1~16.04.2 running 'init' at Wed, 03 Oct 2018 10:05:21 +0000. Up 22.22 seconds.
[   23.532943] cloud-init[932]: ci-info: ++++++++++++++++++++++++++++++++++++++Net device info++++++++++++++++++++++++++++++++++++++
[   23.533475] cloud-init[932]: ci-info: +--------+------+----------------------------+---------------+--------+-------------------+
[[0;32m  OK  [0m] Started Initial cloud-init job (metadata service crawler).
[   23.533777] cloud-init[932]: ci-info: | Device |  Up  |          Address           |      Mask     | Scope  |     Hw-Address    |
[   23.597732] cloud-init[932]: ci-info: +--------+------+----------------------------+---------------+--------+-------------------+
[   23.599017] cloud-init[932]: ci-info: | enp0s3 | True |         10.0.2.15          | 255.255.255.0 | global | 02:fb:a8:4c:29:d0 |
[   23.601443] cloud-init[932]: ci-info: | enp0s3 | True | fe80::fb:a8ff:fe4c:29d0/64 |       .       |  link  | 02:fb:a8:4c:29:d0 |
[   23.601667] cloud-init[932]: ci-info: |   lo   | True |         127.0.0.1          |   255.0.0.0   |  host  |         .         |
[[0;32m  OK  [0m] Reached target Cloud-config availability.
[[0;32m  OK  [0m] Reached target System Initialization.
[   23.601748] cloud-init[932]: ci-info: |   lo   | True |          ::1/128           |       .       |  host  |         .         |
[   23.880576] cloud-init[932]: ci-info: +--------+------+----------------------------+---------------+--------+-------------------+
[   23.881163] cloud-init[932]: ci-info: +++++++++++++++++++++++++++Route IPv4 info++++++++++++++++++++++++++++
[[0;32m  OK  [0m] Listening on ACPID Listen Socket.
[[0;32m  OK  [0m] Started Daily apt download activities.
[   23.881470] cloud-init[932]: ci-info: +-------+-------------+----------+---------------+-----------+-------+
[   24.007249] cloud-init[932]: ci-info: | Route | Destination | Gateway  |    Genmask    | Interface | Flags |
[[   24.039710] cloud-init[932]: ci-info: +-------+-------------+----------+---------------+-----------+-------+
[   24.040535] cloud-init[932]: ci-info: |   0   |   0.0.0.0   | 10.0.2.2 |    0.0.0.0    |   enp0s3  |   UG  |
[0;32m  OK  [0m] Started ACPI Events Check.
[[   24.040863] cloud-init[932]: ci-info: |   1   |   10.0.2.0  | 0.0.0.0  | 255.255.255.0 |   enp0s3  |   U   |
[   24.123920] cloud-init[932]: ci-info: +-------+-------------+----------+---------------+-----------+-------+
[   24.123995] cloud-init[932]: ci-info: +++++++++++++++++++Route IPv6 info+++++++++++++++++++
[   24.124237] cloud-init[932]: ci-info: +-------+-------------+---------+-----------+-------+
[   24.124350] cloud-init[932]: ci-info: | Route | Destination | Gateway | Interface | Flags |
[   24.124484] cloud-init[932]: ci-info: +-------+-------------+---------+-----------+-------+
[   24.124598] cloud-init[932]: ci-info: |   0   |  fe80::/64  |    ::   |   enp0s3  |   U   |
[   24.124723] cloud-init[932]: ci-info: |   3   |   ff00::/8  |    ::   |   enp0s3  |   U   |
[   24.124841] cloud-init[932]: ci-info: +-------+-------------+---------+-----------+-------+
[   24.125013] cloud-init[932]: Generating public/private rsa key pair.
[   24.125092] cloud-init[932]: Your identification has been saved in /etc/ssh/ssh_host_rsa_key.
[   24.125207] cloud-init[932]: Your public key has been saved in /etc/ssh/ssh_host_rsa_key.pub.
[   24.125328] cloud-init[932]: The key fingerprint is:
[   24.125448] cloud-init[932]: SHA256:ax8ujfPOEi3qH0unHSmRPdlbM75Hke/fo25tLo0n6YE root@ubuntu-xenial
[   24.125571] cloud-init[932]: The key's randomart image is:
[   24.126047] cloud-init[932]: +---[RSA 2048]----+
[   24.126280] cloud-init[932]: |                 |
[   24.126407] cloud-init[932]: |                 |
[   24.126523] cloud-init[932]: |                .|
[   24.126648] cloud-init[932]: |         o o   o |
[   24.126775] cloud-init[932]: |        S.+ . + o|
[   24.126889] cloud-init[932]: |        oo.o.+ oo|
[   24.127010] cloud-init[932]: |       .*==E..*o |
[   24.127130] cloud-init[932]: |      .o=@.o *.B+|
[   24.127246] cloud-init[932]: |     ...+*B ++Oo=|
[0;32m  OK  [0m] Reached target Paths.
[[   24.127291] cloud-init[932]: +----[SHA256]-----+
[0;32m  OK  [0m] Started Daily Cleanup of Temporary Directories.
         [   24.444658] Starting Socket activation for snappy daemon.cloud-init
[932]: Generating public/private dsa key pair.
[   24.660574] cloud-init[932]: Your identification has been saved in /etc/ssh/ssh_host_dsa_key.
[   24.661067] cloud-init[932]: Your public key has been saved in /etc/ssh/ssh_host_dsa_key.pub.
[[0;32m  OK  [0m] Listening on D-Bus System Message Bus Socket.
[[   24.661326] cloud-init[932]: The key fingerprint is:
[   24.809483] cloud-init[932]: SHA256:YpLbCMD8EJR7w1SQ0U7crR4/jtSRKVpGp2MRjQutV48 root@ubuntu-xenial
[0;32m  OK  [0m] Started Daily apt upgrade and clean activities.
[[   24.809712] cloud-init[932]: The key's randomart image is:
[   25.041904] cloud-init[932]: +---[DSA 1024]----+
[0;32m  OK  [0m] Reached target Timers.
[[0;32m  OK  [0m] Listening on UUID daemon activation socket.
[   25.042205] cloud-init[932]: |.o.oB.o.=        |
[   25.126495] cloud-init[932]: |o..o = * =       |
[   25.126685] cloud-init[932]: |.++ o + B =      |
[   25.126784] cloud-init[932]: | oo+ + % E .     |
[   25.126871] cloud-init[932]: |  o.+ X S .      |
[   25.126968] cloud-init[932]: |   . B + +       |
[   25.127066] cloud-init[932]: |    o o o .      |
[   25.127165] cloud-init[932]: |       . .       |
[   25.127266] cloud-init[932]: |                 |
         Starting LXD - unix socket.
[[   25.127378] cloud-init[932]: +----[SHA256]-----+
[   25.149185] cloud-init[932]: Generating public/private ecdsa key pair.
[0;32m  OK  [0m] Reached target Network is Online.
[   25.149244] cloud-init[932]: Your identification has been saved in /etc/ssh/ssh_host_ecdsa_key.
[   25.298589] cloud-init[932]: Your public key has been saved in /etc/ssh/ssh_host_ecdsa_key.pub.
[   25.298857] cloud-init[932]: The key fingerprint is:
         Starting iSCSI initiator daemon (iscsid)...
[   25.299056] cloud-init[932]: SHA256:Rd0IfHQiOO3AoZQ2ukz0dDN1tAS8sdyyYF2Dqfw//PM root@ubuntu-xenial
[   25.384683] cloud-init[932]: The key's randomart image is:
[   25.384937] cloud-init[932]: +---[ECDSA 256]---+
[   25.385061] cloud-init[932]: |      .o.B*O*o.  |
[   25.385188] cloud-init[932]: |    ..=.O.B+*+.  |
[   25.385318] cloud-init[932]: |   . =.+ X.B..   |
[   25.385446] cloud-init[932]: |    o . =.B .    |
[   25.385584] cloud-init[932]: |   o . .So o     |
[   25.385708] cloud-init[932]: |    o     o      |
[   25.385836] cloud-init[932]: |           o     |
[   25.385969] cloud-init[932]: |            + .  |
[   25.386097] cloud-init[932]: |             o.oE|
[[0;32m  OK  [0m] Listening on Socket activation for snappy daemon.
[   25.386230] cloud-init[932]: +----[SHA256]-----+
[[   25.448086] cloud-init[932]: Generating public/private ed25519 key pair.
[   25.448439] cloud-init[932]: Your identification has been saved in /etc/ssh/ssh_host_ed25519_key.
[   25.448569] cloud-init[932]: Your public key has been saved in /etc/ssh/ssh_host_ed25519_key.pub.
[0;32m  OK  [0m] Listening on LXD - unix socket.
[   25.448717] cloud-init[932]: The key fingerprint is:
[   25.609453] cloud-init[932]: SHA256:1wmY03CIx7zX9xilUL1jSE1YAyNvAs+/+kz3WrVjylM root@ubuntu-xenial
[   25.625618] cloud-init[932]: The key's randomart image is:
[[0;32m  OK  [0m] Reached target Sockets.
[   25.625824] cloud-init[932]: +--[ED25519 256]--+
[   25.683385] cloud-init[932]: |       +.o.. +B= |
[   25.683620] cloud-init[932]: |      . =*+ +o..+|
[   25.683747] cloud-init[932]: |       .+.o=.+.o.|
[   25.683871] cloud-init[932]: |        ...o=o++ |
[   25.683996] cloud-init[932]: |        S.. oo.+o|
[   25.684261] cloud-init[932]: |         .    oE+|
[   25.684406] cloud-init[932]: |             o.=.|
[[0;32m  OK  [0m] Reached target Basic System.
[   25.684531] cloud-init[932]: |            =.+.o|
[   25.747164] cloud-init[932]: |           ..=o..|
[   25.747917] cloud-init[932]: +----[SHA256]-----+
         Starting Login Service...
         Starting LSB: MD monitoring daemon...
         Starting Virtualbox guest utils...
[[0;32m  OK  [0m] Started Unattended Upgrades Shutdown.
[[0;32m  OK  [0m] Started ACPI event daemon.
[[0;32m  OK  [0m] Started D-Bus System Message Bus.
         Starting /etc/rc.local Compatibility...
[[0;32m  OK  [0m] Started Deferred execution scheduler.
         Starting Pollinate to seed the pseudo random number generator...
[[0;32m  OK  [0m] Started Regular background program processing daemon.
[[0;32m  OK  [0m] Started FUSE filesystem for LXC.
         Starting LSB: Record successful boot for GRUB...
         Starting System Logging Service...
         Starting Accounts Service...
         Starting LXD - container startup/shutdown...
         Starting Snappy daemon...
[[0;32m  OK  [0m] Started iSCSI initiator daemon (iscsid).
[[0;32m  OK  [0m] Started /etc/rc.local Compatibility.
         Starting Login to default iSCSI targets...
[[0;32m  OK  [0m] Started Login Service.
[[0;32m  OK  [0m] Started LSB: Record successful boot for GRUB.
[[0;32m  OK  [0m] Started Login to default iSCSI targets.
[[0;32m  OK  [0m] Started System Logging Service.
[[0;32m  OK  [0m] Reached target Remote File Systems (Pre).
[[0;32m  OK  [0m] Reached target Remote File Systems.
         Starting Permit User Sessions...
         Starting LSB: daemon to balance interrupts for SMP systems...
         Starting LSB: automatic crash report generation...
         Starting LSB: Set the CPU Frequency Scaling governor to "ondemand"...
[[0;32m  OK  [0m] Started LSB: MD monitoring daemon.
[[0;32m  OK  [0m] Started Permit User Sessions.
         Starting Hold until boot process finishes up...
         Starting Terminate Plymouth Boot Screen...
[[0;32m  OK  [0m] Started Hold until boot process finishes up.
[[0;32m  OK  [0m] Started Terminate Plymouth Boot Screen.
[[0;32m  OK  [0m] Started Serial Getty on ttyS0.
         Starting Set console scheme...
[[0;32m  OK  [0m] Started Getty on tty1.
[[0;32m  OK  [0m] Reached target Login Prompts.
[[0;32m  OK  [0m] Started LSB: automatic crash report generation.
[[0;32m  OK  [0m] Started LSB: Set the CPU Frequency Scaling governor to "ondemand".
[[0;32m  OK  [0m] Started Set console scheme.
[[0;32m  OK  [0m] Started LSB: daemon to balance interrupts for SMP systems.
[[0;32m  OK  [0m] Started Virtualbox guest utils.
         Starting Authenticate and Authorize Users to Run Privileged Tasks...
[[0;32m  OK  [0m] Started Authenticate and Authorize Users to Run Privileged Tasks.
[[0;32m  OK  [0m] Started Accounts Service.
[[0;32m  OK  [0m] Started Pollinate to seed the pseudo random number generator.
         Starting OpenBSD Secure Shell server...
[[0;32m  OK  [0m] Started OpenBSD Secure Shell server.
[[0;32m  OK  [0m] Created slice User Slice of vagrant.
         Starting User Manager for UID 1000...
[[0;32m  OK  [0m] Started Session 1 of user vagrant.
[[0;32m  OK  [0m] Started LXD - container startup/shutdown.
[[0;32m  OK  [0m] Started User Manager for UID 1000.
[[0;32m  OK  [0m] Started Snappy daemon.
         Starting Wait until snapd is fully seeded...

Ubuntu 16.04.5 LTS ubuntu-xenial ttyS0

ubuntu-xenial login: [   34.170385] cloud-init[1314]: Generating locales (this might take a while)...
[   36.710939] cloud-init[1314]:   en_US.UTF-8... done
[   36.711925] cloud-init[1314]: Generation complete.
[   43.109729] cloud-init[1314]: Cloud-init v. 18.3-9-g2e62cb8a-0ubuntu1~16.04.2 running 'modules:config' at Wed, 03 Oct 2018 10:05:32 +0000. Up 32.96 seconds.
ci-info: no authorized ssh keys fingerprints found for user ubuntu.
<14>Oct  3 10:05:43 ec2: 
<14>Oct  3 10:05:43 ec2: #############################################################
<14>Oct  3 10:05:43 ec2: -----BEGIN SSH HOST KEY FINGERPRINTS-----
<14>Oct  3 10:05:43 ec2: 1024 SHA256:YpLbCMD8EJR7w1SQ0U7crR4/jtSRKVpGp2MRjQutV48 root@ubuntu-xenial (DSA)
<14>Oct  3 10:05:43 ec2: 256 SHA256:Rd0IfHQiOO3AoZQ2ukz0dDN1tAS8sdyyYF2Dqfw//PM root@ubuntu-xenial (ECDSA)
<14>Oct  3 10:05:43 ec2: 256 SHA256:1wmY03CIx7zX9xilUL1jSE1YAyNvAs+/+kz3WrVjylM root@ubuntu-xenial (ED25519)
<14>Oct  3 10:05:43 ec2: 2048 SHA256:ax8ujfPOEi3qH0unHSmRPdlbM75Hke/fo25tLo0n6YE root@ubuntu-xenial (RSA)
<14>Oct  3 10:05:43 ec2: -----END SSH HOST KEY FINGERPRINTS-----
<14>Oct  3 10:05:43 ec2: #############################################################
-----BEGIN SSH HOST KEY KEYS-----
ecdsa-sha2-nistp256 AAAAE2VjZHNhLXNoYTItbmlzdHAyNTYAAAAIbmlzdHAyNTYAAABBBA4fpIcXaeNrWVu6AypObj1pmbdK3ImpkFa5F4K4a3HtRNLM4x9KoxcAsEBfxEL758dJ8PqOl1oFZb3mvj1ADgM= root@ubuntu-xenial
ssh-ed25519 AAAAC3NzaC1lZDI1NTE5AAAAIG9pyU3JGC8gpVULFxDk9Rw+KeANdNtBWDhQfaoN9Fu7 root@ubuntu-xenial
ssh-rsa AAAAB3NzaC1yc2EAAAADAQABAAABAQCm1CLprlEfJeLUuhK8pKUa4WD4U8zQev70n/vTDPthOqxNyt6oijzjlq1evdDp3MMTdv+afX7CB8T+QRNN43cQPG2gTO15/964OS1/tc0VNUCcgC/m/1Ml43RZUL23AVK2lrxuyOpkbs9Gg8Q6fzFHHUrPJxagifAS3zkZDO5LwqHj7sQafJUCvwRtjCKyoNmx0gLLCqLeZGU0n7VxuxO7ax4BlBowiSzwswfLjjjgZiuDX8jKa5+G8XhVov5pgl8MwCT6wIYGXx4Q6pSVmr9rs6ARRqUcYwQjpTrkqKzxLT5stwF9qntQFm7maDaZiMKbTqMcsc5dX2qeWmsRo4JR root@ubuntu-xenial
-----END SSH HOST KEY KEYS-----
[   43.616945] cloud-init[1451]: Cloud-init v. 18.3-9-g2e62cb8a-0ubuntu1~16.04.2 running 'modules:final' at Wed, 03 Oct 2018 10:05:42 +0000. Up 43.33 seconds.
[   43.617102] cloud-init[1451]: ci-info: no authorized ssh keys fingerprints found for user ubuntu.
[   43.617199] cloud-init[1451]: Cloud-init v. 18.3-9-g2e62cb8a-0ubuntu1~16.04.2 finished at Wed, 03 Oct 2018 10:05:43 +0000. Datasource DataSourceNoCloud [seed=/dev/sdb][dsmode=net].  Up 43.61 seconds
[[0;32m  OK  [0m] Stopped target Timers.
[[0;32m  OK  [0m] Closed Load/Save RF Kill SwiS[[0;32m  OK  [0m] Stopped Wait until snapd is fully seeded.
         Stopping Snappy daemon...
         Stopping OpenBSD Secure Shell server...
         Stopping Virtualbox guest utils...
         Stopping LSB: daemon to balance interrupts for SMP systems...
         Stopping LSB: automatic crash report generation...
[[0;32m  OK  [0m] Unmounted /var/lib/lxcfs.
[[0;32m  OK  [0m] Stopped ACPI event daemon.
[[0;32m  OK  [0m] Stopped Deferred execution scheduler.
[[0;32m  OK  [0m] Stopped Regular background program processing daemon.
[[0;32m  OK  [0m] Stopped System Logging Service.
[[0;32m  OK  [0m] Stopped Accounts Service.
[[0;32m  OK  [0m] Stopped Snappy daemon.
[[0;32m  OK  [0m] Stopped Serial Getty on ttyS0.
[[0;32m  OK  [0m] Stopped Getty on tty1.
[[0;32m  OK  [0m] Stopped Authenticate and Authorize Users to Run Privileged Tasks.
[[0;32m  OK  [0m] Stopped OpenBSD Secure Shell server.
[[0;32m  OK  [0m] Stopped User Manager for UID 1000.
[[0;32m  OK  [0m] Stopped Session 3 of user vagrant.
[[0;32m  OK  [0m] Stopped D-Bus System Message Bus.
[[0;32m  OK  [0m] Stopped Unattended Upgrades Shutdown.
[[0;32m  OK  [0m] Stopped FUSE filesystem for LXC.
[[0;32m  OK  [0m] Stopped LSB: MD monitoring daemon.
[[0;32m  OK  [0m] Stopped LSB: Set the CPU Frequency Scaling governor to "ondemand".
[[0;32m  OK  [0m] Stopped LSB: Record successful boot for GRUB.
[[0;32m  OK  [0m] Stopped LXD - container startup/shutdown.
[[0;32m  OK  [0m] Stopped Virtualbox guest utils.
[[0;32m  OK  [0m] Stopped LSB: daemon to balance interrupts for SMP systems.
[[0;32m  OK  [0m] Stopped LSB: automatic crash report generation.
[[0;32m  OK  [0m] Removed slice User Slice of vagrant.
         Stopping Login Service...
[[0;32m  OK  [0m] Removed slice system-getty.slice.
         Stopping Permit User Sessions...
[[0;32m  OK  [0m] Stopped /etc/rc.local Compatibility.
[[0;32m  OK  [0m] Removed slice system-serial\x2dgetty.slice.
[[0;32m  OK  [0m] Stopped Login Service.
[[0;32m  OK  [0m] Stopped Permit User Sessions.
[[0;32m  OK  [0m] Stopped target Remote File Systems.
[[0;32m  OK  [0m] Stopped target Remote File Systems (Pre).
         Stopping Login to default iSCSI targets...
[[0;32m  OK  [0m] Stopped target Basic System.
[[0;32m  OK  [0m] Stopped target Slices.
[[0;32m  OK  [0m] Stopped target Paths.
[[0;32m  OK  [0m] Stopped Forward Password Requests to Wall Directory Watch.
[[0;32m  OK  [0m] Stopped Dispatch Password Requests to Console Directory Watch.
[[0;32m  OK  [0m] Stopped ACPI Events Check.
[[0;32m  OK  [0m] Stopped target Sockets.
[[0;32m  OK  [0m] Closed Socket activation for snappy daemon.
[[0;32m  OK  [0m] Closed LXD - unix socket.
[[0;32m  OK  [0m] Closed Syslog Socket.
[[0;32m  OK  [0m] Closed ACPID Listen Socket.
[[0;32m  OK  [0m] Closed UUID daemon activation socket.
[[0;32m  OK  [0m] Removed slice User and Session Slice.
[[0;32m  OK  [0m] Closed D-Bus System Message Bus Socket.
[[0;32m  OK  [0m] Stopped target User and Group Name Lookups.
[[0;32m  OK  [0m] Stopped target System Initialization.
[[0;32m  OK  [0m] Stopped target Swap.
[[0;32m  OK  [0m] Stopped target Encrypted Volumes.
[[0;32m  OK  [0m] Stopped Create Volatile Files and Directories.
[[0;32m  OK  [0m] Stopped Commit a transient machine-id on disk.
         Stopping Load/Save Random Seed...
[[0;32m  OK  [0m] Stopped Load/Save Random Seed.
[[0;32m  OK  [0m] Stopped Login to default iSCSI targets.
         Stopping iSCSI initiator daemon (iscsid)...
[[0;32m  OK  [0m] Stopped iSCSI initiator daemon (iscsid).
[[0;32m  OK  [0m] Stopped target Network is Online.
[[0;32m  OK  [0m] Stopped Initial cloud-init job (metadata service crawler).
[[0;32m  OK  [0m] Stopped target Network.
         Stopping Raise network interfaces...
[[0;32m  OK  [0m] Stopped Raise network interfaces.
[[0;32m  OK  [0m] Stopped Apply Kernel Variables.
[[0;32m  OK  [0m] Stopped Load Kernel Modules.
[[0;32m  OK  [0m] Stopped target Local File Systems.
         Unmounting /vagrant...
         Unmounting /run/user/1000...
[[0;32m  OK  [0m] Stopped target Network (Pre).
[[0;32m  OK  [0m] Stopped Initial cloud-init job (pre-networking).
[[0;32m  OK  [0m] Unmounted /vagrant.
[[0;32m  OK  [0m] Unmounted /run/user/1000.
[[0;32m  OK  [0m] Reached target Unmount All Filesystems.
[[0;32m  OK  [0m] Stopped target Local File Systems (Pre).
         Stopping Monitoring of LVM2 mirrors... dmeventd or progress polling...
[[0;32m  OK  [0m] Stopped Create Static Device Nodes in /dev.
[[0;32m  OK  [0m] Stopped Remount Root and Kernel File Systems.
[[0;32m  OK  [0m] Reached target Shutdown.
[  223.789441] reboot: Power down
