[    0.000000]Iniaizing group subsys cpuset
[    0.000000] Initializing cgroup subsys cpu
[    0.000000] Initializing cgroup subsys cpuacct
[    0.000000] Linux vsion4.0-5-generi(bldd@cy-a64-020 (c ersion 5.0016060 (unu 5.4.-6unu1~16.4.)  #161-butu SP Mo A 27 0:5:01UT20 (Ubunu 4.-135.11-generic 4..1)
[    0.000000] Command line: BOOT_IMAGE=/boot/vmlinuz-4.4.0-135-generic root=LABEL=cloudimg-rootfs ro console=tt1 nsle=tyS
[  0.00] KERNL pprted cus
[  .0000]   Intel GenuineIntel
[    0.000000]   AMD AuthenticAMD
[    0.000000]   Centaur CentaurHauls
[    0.000000] x86/fpu: Supporting SAVEfeatur0x01: 'x87 floating point registers'
[    0.000000] x86/fpu: Supporting XSAVE feature 0x02: 'SSE registers'
[    0.000000] x86/fpu: Enabled xstate features 0x3, context size is 576 bytes, using 'standard' format.
[    0.000000] e820: BIOS-provided physical RAM map:
[    0.000000] BIOS-e820: [mem 0x0000000000000000-0x000000000009fbff] usable
[    0.000000] BIOS-e820: [mem 0x000000000009fc00-0x000000000009ffff] reserved
[    0.000000] BIOS-e820: [mem 0x00000000000f0000-0x00000000000fffff] reserved
[    0.000000] BIOS-e820: [mem 0x0000000000100000-0x000000003ffeffff] usable
[    0.000000] BIOS-e820: [mem 0x000000003fff0000-0x000000003fffffff] ACPI data
[    0.000000] BIS-820: [emx0000000fe000-x00000fe00ff] seved
[  000000BI-e820: [mem 0x00000000fe000x0000000e0fff] rseed
[    .000] BIOS-e820: [mem 000000fff00-00000000fffff] esve
[   00000]NXExcute Dsae)protctn: active
[   0.000000] SMBIOS 2.5 prent.[    00000 Hyperis dtectd:VM
[    .000 e820:la_pn = 0x3ff0ax_arch_pfn = 0x400000000
[    0.000000] MTRR: Disabled
[    0.000000] x86/PAT: MTRRs disabled, skipping PAT initialization too.
[    0.000000] CPU MTRRs all blank - virtualized system.
[    0.000000] x86/PAT: Configuration [0-7]: WB  WT  UC- UC  WB  WT  UC- UC  
[    0.000000] found SMP MP-table at [mem 0x0009fff0-0x0009ffff] mapped at [ffff88000009fff0]
[    0.000000] Scanning 1 areas for low memory corrution
[  .00000] MDSK: me0x630a00-0x3717cfff]
[    0.000000] ACPI: Early table checksum verification disabled
[    0.000000] ACPI: RSDP 0x00000000000E0000 000024 (v02 VBOX  )
  0.00000]CP: XSDT 0000003FF00 0003C (01 VBOX   VBOXXSDT 00000001 ASL  00000061)
[    0.000000] ACPI: FACP 0x000000003FFF00F0 004 (v4 VBOX   VBOXFACP 00000001 ASL  0000006
    0.0000 API: DST 00000003FF700021FF (v02 VBOX   VBOIOS 00000002 INTL 20160108)
[    0.000000] ACPI: FACS 0x000000003FFF0200 000040
[    0.000000] ACPI: FACS 0x000000003FFF0200 000040
[    0.000000] ACPI: API0x000000FF240 000C 02 VOX   VBOXAPIC 00000001 ASL  00000061)
[    0.000000] ACPI: SSDT 0x000000003FFF02A0 0001CC (v01 VBOX   VBOXCPUT 00000002 INTL 20160108)
[    0.000000] No NUMA configuration found
[    0.000000] Faking a node at [mem 0x0000000000000000-0x000000003ffeffff]
[    0.000000] NODE_DATA(0) allocated [mem 0x3ffeb000-0x3ffeffff]
[    0.000000] kvm-clock: Using msrs 4b564d01 and 4b564d00
[    0.000000] kvm-clock: cpu 0, msr 0:3ffe3001, primary cpu clock
[    0.000000] kvm-clock: using sched offset of 3328924846 cycles
[    0.000000] clocksource: kvm-clock: mask: 0xffffffffffffffff max_cycles: 0x1cd42e4dffb, max_idle_ns: 881590591483 ns
[    0.000000] Zone ranges:
[    0.000000]   DMA      [mem 0x0000000000001000-0x0000000000ffffff]
[    0.000000]   DMA32    [mem 0x0000000001000000-0x000000003ffeffff]
[    0.000000]   Normal   empty
[    0.000000]   Device   empty
[    0.000000] Movable zone start for each node
[    0.000000] Early memory node ranges
[    0.000000]   node   0[mm 0x000000001000-0x0000000009eff]    .000   nod  : mem 0x0000000000100000-0000003ffff]
[   000000] Initmem setup node 0 [mem 0x0000000000001000-0x000000003ffeffff]
[   0.00000]AC: M-Time IPot: 0x408[    00000IOAPIC0]apc_id 2 vsin 32, address 0xfec00000, GSI 0-23
[    0.000000] ACPI: INT_SRC_OVR (bus 0 bus_irq 0 global_irq 2 dfl dfl)
[    0.000000] AC: T_SRC_VRbu0 bus_ir 9lol_irq  l lvel)
[  .000000]Using PI (MAT)orSMP cofiraio iortion
    0.000000] smpboot: Allowing 2 CPUs, 0 hotplug CPUs
[    0.000000] PM: Regited nosavemery [mem x000000x00ff]
[  000000] PM: Registered nosave memory: [mem 0x0009f000-0x0009ffff]
[    0.000000] PM: Registered nosave memory: [mem 0x000a0000-0x000effff]
[    0.00000] PM:Restred ose emory:[m 0000f000x00ffff]
[    0.000000] e820: [mem 0x40000000-0xfebfffff] available for PCI devices
[    0.000000] Booting paravirtualized kern o KVM
[    0.000000] clckurce: refined-jiffesmak: 0xffffffma_cycles: 0xfff, axide_ns: 645519600211568 ns
[   .0000]sep_rcpu: NR_CPUS:512 nr_cpumask_bits:512 nr_cpu_ids:2 nr_nodids:1
[    0.000000] PERCPU: Embedded 34 pages/cpu @ffff88003fc00000 s954 r8923128 u1048576
[    0.000000] PV qspinlock hash table entries: 256 (order: 0, 4096 bytes)
[    0.000000] Built 1 zonelists in Nodorr, mobli gouping o  tal paes25912
[  000000]Pocyzone DMA32
[    0.000000] Kernel command line: BOOT_IMAGE=/boot/vmlinuz-4.4.0-135-generic root=LABEL=cloudimg-rootfs ro console=tty1 console=ttyS0
[   0.0000] PID hash table entries: 4096 (order: 3, 32768 bytes)
[    0.000000] Memory: 997720K/1048120K available (854K kernel code, 1314K rwdata, 4004K rodata, 1516K init, 1316K bss, 50400K resered0K ca-served)
[    0.000000] SLUB: HWalign=64, Order=0-3,inObjets=0, PU2, Nde1[   0.000] KerneUs page abs isolation: enabled
[    0.000000] Hierarchical RCU implementatin.
[    0.000000] 	Build-time adjustment of leaf fanout to 64.
[    0.000000] 	RCU restricting CPUs from NR_U51 to r_u_ds=2.[  0.000 RCU Adjusting geometry for rcu_fanout_leaf=64, nr_cpu_ids=2
[    0.000000] NR_IRQS:33024 nr_irqs:440 16
[    0.000] Conslecoour VG+ x2
[   0.000] conol[ty1] enabed[   0.00] conslettS0] enbl
[    0.000000] tsc: Detected 3312.008 MHz processor
[    7.368266] Calibrating delay loop (skipped) preset value.. 6624.01 BogoMIPS (lpj=13248032)
[    7.369933] pid_max: default: 32768 minimum: 301
[    7.423713] ACPI: Core revision 20150930
[    7.500301] ACPI: 2 ACPI AML tables successfully acquired and loaded
[    7.623306] Security Framework initialized
[    7.696772] Yama: becoming mindfl.
[    7.780495] AppArmor: AppArmor initialized
[    7.871282] Dentry cache hash table entries: 131072 (order: 8, 1048576 bytes)
[    8.002640] Inode-cache hash table entries: 65536 (order: 7, 524288 bytes)
[    8.008445] Mount-cache hash table entries: 2048 (order: 2, 16384 bytes)
[    8.014591] Mountpoint-cache hash table entries: 2048 (order: 2, 16384 bytes)
[    8.015668] Initializing cgroup subsys io
[    8.016296] Initializing cgroup subsys memory
[    8.028006] Initializing cgroup subsys devices
[    8.028674] Initializing cgroup subsys freezer
[    8.034620] Initializing cgroup subsys net_cls
[    8.035289] Initializing cgroup subsys perf_event
[    8.035993] Initializing cgroup subsys net_prio
[    8.047012] Initializing cgroup subsys hugetlb
[    8.047694] Initializing cgroup subsys pids
[    8.054570] mce: CPU supports 0 MCE banks
[    8.055230] Last level iTLB entries: 4KB 128, 2MB 8, 4MB 8
[    8.067026] Last level dTLB entries: 4KB 64, 2MB 0, 4MB 0, 1GB 4
[    8.081815] Spectre V2 : Mitigation: Full generic retpoline
[    8.082601] Spectre V2 : Speculation control IBPB not-supported IBRS not-supported
[    8.102088] Spectre V2 : Filling RSB on context switch
[    8.103052] Speculative Store Bypass: Vulnerable
[    8.105723] Freeing SMP alternatives memory: 32K
[    8.124061] ftrace: allocating 32266 entries in 127 pages
[    8.174500] smpboot: APIC(0) Converting physical 0 to logical package 0
[    8.291790] smpboot: Max logical packages: 1
[    8.371859] x2apic enabled
[    8.431574] Switched APIC routing to physical x2apic.
[    8.527733] ..TIMER: vector=0x30 apic1=0 pin1=2 apic2=-1 pin2=-1
[    8.723277] smpboot: CPU0: Intel(R) Pentium(R) CPU G4400 @ 3.30GHz (family: 0x6, model: 0x5e, stepping: 0x3)
[    8.782214] Performance Events: unsupported p6 CPU model 94 no PMU driver, software events only.
[    8.789236] KVM setup paravirtual spinlock
[    8.790473] x86: Booting SMP configuration:
[    8.791125] .... node  #0, CPUs:      #1
[    8.791826] kvm-clock: cpu 1, msr 0:3ffe3041, secondary cpu clock
[    8.822553] mce: CPU supports 0 MCE banks
[    8.837728] x86: Booted up 1 node, 2 CPUs
[    8.873630] smpboot: Total of 2 processrs activated (13248.03 BogoMIPS)
[    8.913674] devtmpfs: initialized
[    8.915719] evm: security.selinux
[    8.921554] evm: security.SMACK64
[    8.922112] evm: security.SMACK64EXEC
[    8.922697] evm: security.SMACK64TRANSMUTE
[    8.923333] evm: security.SMACK64MMAP
[    8.923924] evm: security.ima
[    8.924436] evm: security.capability
[    8.925153] clocksource: jiffies: mask: 0xffffffff max_cycles: 0xffffffff, max_idle_ns: 7645041785100000 ns
[    8.937049] futex hash table entries: 512 (order: 3, 32768 bytes)
[    8.938000] pinctrl core: initialized pinctrl subsystem
[    8.938840] RTC time: 10:00:12, date: 09/29/18
[    8.939689] NET: Registered protocol family 16
[    8.963352] cpuidle: using governor ladder
[    8.979517] cpuidle: using governor menu
[    8.996783] PCCT header not found.
[    9.005536] ACPI: bus type PCI registered
[    9.014161] acpiphp: ACPI Hot Plug PCI Controller Driver version: 0.5
[    9.045954] PCI: Using configuration type 1 for base access
[    9.063785] ACPI: Added _OSI(Module Device)
[    9.066911] ACPI: Added _OSI(Processor Device)
[    9.067620] ACPI: Added _OSI(3.0 _SCP Extensions)
[    9.068341] ACPI: Added _OSI(Processor Aggregator Device)
[    9.069753] ACPI: Executed 1 blocks of module-level executable AML code
[    9.072677] ACPI: Interpreter enabled
[    9.075699] ACPI: (supports S0 S5)
[    9.076259] ACPI: Using IOAPIC for interrupt routing
[    9.080046] PCI: Using host bridge windows from ACPI; if necessary, use "pci=nocrs" and report a bug
[    9.084444] ACPI: PCI Root Bridge [PCI0] (domain 0000 [bus 00-ff])
[    9.085319] acpi PNP0A03:00: _OSC: OS supports [ASPM ClockPM Segments MSI]
[    9.086274] acpi PNP0A03:00: _OSC: not requesting OS control; OS requires [ExtendedConfig ASPM ClockPM MSI]
[    9.092954] acpi PNP0A03:00: fail to add MMCONFIG information, can't access extended PCI configuration space under this bridge.
[    9.094745] PCI host bridge to bus 0000:00
[    9.095386] pci_bus 0000:00: root bus resource [io  0x0000-0x0cf7 window]
[    9.101541] pci_bus 0000:00: root bus resource [io  0x0d00-0xffff window]
[    9.102455] pci_bus 0000:00: root bus resource [mem 0x000a0000-0x000bffff window]
[    9.103600] pci_bus 0000:00: root bus resource [mem 0x40000000-0xfdffffff window]
[    9.104743] pci_bus 0000:00: root bus resource [bus 00-ff]
[    9.106797] pci 0000:00:01.1: legacy IDE quirk: reg 0x10: [io  0x01f0-0x01f7]
[    9.113002] pci 0000:00:01.1: legacy IDE quirk: reg 0x14: [io  0x03f6]
[    9.120726] pci 0000:00:01.1: legacy IDE quirk: reg 0x18: [io  0x0170-0x0177]
[    9.188492] pci 0000:00:01.1: legacy IDE quirk: reg 0x1c: [io  0x0376]
[    9.227371] pci 0000:00:07.0: quirk: [io  0x4000-0x403f] claimed by PIIX4 ACPI
[    9.237057] pci 0000:00:07.0: quirk: [io  0x4100-0x410f] claimed by PIIX4 SMB
[    9.254007] ACPI: PCI Interrupt Link [LNKA] (IRQs 5 9 10 *11)
[    9.257912] ACPI: PCI Interrupt Link [LNKB] (IRQs 5 9 *10 11)
[    9.259317] ACPI: PCI Interrupt Link [LNKC] (IRQs 5 *9 10 11)
[    9.260702] ACPI: PCI Interrupt Link [LNKD] (IRQs 5 9 10 *11)
[    9.263836] ACPI: Enabled 2 GPEs in block 00 to 07
[    9.267191] vgaarb: setting as boot device: PCI:0000:00:02.0
[    9.269310] vgaarb: device added: PCI:0000:00:02.0,decodes=io+mem,owns=io+mem,locks=none
[    9.276237] vgaarb: loaded
[    9.276870] vgaarb: bridge control possible 0000:00:02.0
[    9.278096] SCSI subsystem initialized
[    9.283548] ACPI: bus type USB registered
[    9.288415] usbcore: registered new interface driver usbfs
[    9.289457] usbcore: registered new interface driver hub
[    9.299156] usbcore: registered new device driver usb
[    9.306765] PCI: Using ACPI for IRQ routing
[    9.317314] NetLabel: Initializing
[    9.320468] NetLabel:  domain hash size = 128
[    9.321410] NetLabel:  protocols = UNLABELED CIPSOv4
[    9.324692] NetLabel:  unlabeled traffic allowed by default
[    9.331411] amd_nb: Cannot enumerate AMD northbridges
[    9.344412] clocksource: Switched to clocksource kvm-clock
[   9.361971] AppArmor: AppArmor Filesystem Enabled
[    9.389313] pnp: PnP ACPI init
[   9.390604] pnp: PnP ACPI: found 3 devices

[   9.421047] clocksource: acpi_pm: mak: 0xffffff max_cycles: 0xffffff, max_idle_ns: 2085701024 ns
[    9.466047] NET: Registered protocol family 2

[    9.468684] TCP established hash table entries: 8192 (order: 4, 65536 bytes)[    9.491235] TCP bind hash table entries: 8192 (order: 5, 131072 bytes)
[   9.514321] TCP: Hash tables configured (established 8192 bind 8192)
[   9.538006] UDP hash table entries: 512 (order: 2, 16384 bytes)
[    9.562594] UDP-Lite hash table entries: 512 (order: 2, 16384 bytes)
   9.563794] NET: Registered protocol family 1
[    9.607439] pci 0000:00:00.0: Limiting direct PCI/PCI transfers
[    9.608575] pci 0000:00:01.0: Activating ISA DMA hg wokaun
  9.70] npacking initramfs...

[   10.144089] Freeing initrd memory: 14796K
[   10.144954] platform rtc_cmos: registered platform RTC device (no PNP device found)
[   10.177666] Scanning for low memory corruption every 60 seconds
[   10.217628] audit: initializing netlink subsys (disabled)
[   10.257227] audit: type=2000 audit(1538215209.300:1): initialized
[   10.277554] Initialise system trusted keyring
[   10.287356] HugeTLB registered 2 MB page size, pre-allocated 0 pages
[   10.318600] zbud: loaded
[   10.3196] VFS: Disk quos uo6.0
[   10.551] VFS: Dquot-cache hash table entries: 512 (order 0, 4096 bytes)
[   10.662318] squashfs: version 4.0 (2009/01/31) Phillip Lougher
[   10.663400] fuse init (API version 7.23)
[   10.664146] Key type big_key registered
[   10.664787] Allocating IMA MOK and blacklist keyrings.
[   10.666670] Key type asymmetric registered
[   10.672645] Asymmetric key parser 'x509' registered
[   10.673393] Block layer SCSI generic (bsg) driver version 0.4 loaded (major 249)
[   10.685257] io scheduler noop registered
[   10.696919] io scheduler deadline registered (default)
[   10.70541iochul c risred
[   11.027835] pci_hotplug: PCI Hot Plug PCI Core version: 0.5
[   11.028845] ie: CI Express Hot Plug Controller Driver version: 0.4
[ 11448]scReneTSC clocksource cibtin: 3312.585 MHz
[   11.144521] clocksource: tsc: mask: 0xffffffffffffffff max_cycles: 0x2bfbd2bb08, max_idle_ns: 440795360704 ns

[   11.739410] ACPI: AC Adapter [AC] (on-line)
[   11.740303] input: Power Button as /devices/LNXSYSTM:00/LNXPWRBN:00/input/input0
[   11.741782] ACPI: Power Button [PWRF]
[   11.742511] input: Sleep Butto as /devices/LNXSYSTM:00/LNXSLPBN:00/inpu/iut

[   11.867474] ACPI: Sleep Button [SLPF]
[   12.002247] GHES: HEST is not enabled!
[   12.102201] Serial: 8250/16550 driver, 32 ports, IRQ sharing enabled
[   12.189888] 00:02: ttyS0 at I/O 0x3f8 (irq = 4, base_baud = 115200) is a 16550A
[   12.195738] Linux agpgart interface v0.103
[   12.215714] loop: module loaded
[   12.239299] scsi host0: ata_piix
[   12.240195] scsi host1: ata_piix
[  12.240850] ata1: PATA max UDMA/33 cmd 0x1f0 ctl 0x3f6 bmdma 0xd000 irq 14
[   12.264993] ata2: PATA max UDMA/33 cmd 0x170 ctl 0x376 bmdma 0xd008 irq 15

[   1268670] bp: xeMD B: obed

[   1.620789] tun: UnvealUNAPeve iv, 6
[  13.06973] t: (C) 1999-204 M Ksnnsky <maxk@qualcomm.com>

[   13.352926] PPP generic driver version 2.4.2
[   13.353729] ehci_hcd: USB 2.0 'Enhanced' Host Controller (EHCI) Driver
[   13.359891] ehci-pci: EHCI PCI platform driver
[   13.360578] ehci-platform: EHCI generic platform driver
[   13.361334] ohci_hcd: USB 1.1 'Open' Host Controller (OHCI) Driver
[   13.362203] ohci-pci: OHCI PCI platform driver
[   13.362885] ohci-platform: OHCI generic platform driver
[   13.386145] uhci_hcd: USB Universal Host Controller Interface driver
[   13.402457] i8042: PNP: PS/2 Controller [PNP0303:PS2K,PNP0f03:PS2M] at 0x60,0x64 irq 1,12
[   13.430767] serio: i8042 KBD port at 0x60,0x64 irq 1
[   13.431640] serio: i8042 AUX port at 0x60,0x64 irq 12
[   13.438003] mousedev: PS/2 mouse device common for all mice
[   13.470559] input: AT Translated Set 2 keyboard as /devices/platform/i8042/serio0/input/input2
[   13.476593] rtc_cmos rtc_cmos: rtc core: registered rtc_cmos as rtc0
[   13.476646] rtc_cmos rtc_cmos: alarms up to one day, 114 bytes nvram
[   13.476653] i2c /dev entries driver
[   13.476701] device-mapper: uevent: version 1.0.3
[   13.476747] device-mapper: ioctl: 4.34.0-ioctl (2015-10-28) initialised: dm-devel@redhat.com
[   13.476764] ledtrig-cpu: registered to indicate activity on CPUs
[   13.476996] NET: Registered protocol family 10
[   13.477109] NET: Registered protocol family 17
[   13.477117] Key type dns_resolver registered
[   13.477299] registered taskstats version 1
[   13.477309] Loading compiled-in X.509 certificates
[   13.477813] Loaded X.509 cert 'Build time autogenerated kernel key: b7189ebc996fd79c52efc1226b6676b25e4f6a2d'
[   13.477828] zswap: loaded using pool lzo/zbud
[   13.478967] Key type trusted registered
[   13.480969] Key type encrypted registered
[   13.480974] AppArmor: AppArmor sha1 policy hashing enabled
[   13.480976] ima: No TPM chip found, activating TPM-bypass!
[   13.480980] ima: Allocated hash algorithm: sha1
[   13.480991] evm: HMAC attrs: 0x1
[   13.481178]   Magic number: 2:220:23
[   13.483438] rtc_cmos rtc_cmos: setting system clock to 2018-09-29 10:00:16 UTC (1538215216)
[   13.484387] BIOS EDD facility v0.16 2004-Jun-25, 0 devices found
[   13.484387] EDD information not available.
[   13.686103] Freeing unused kernel memory: 1516K
[   13.696454] Write protecting the kernel read-only data: 14336k
[   13.717572] Freeing unused kernel memory: 1672K
[   13.718457] Freeing unused kernel memory: 92K
Loading, please wait...
starting version[   13.730121] random: systemd-udevd: uninitialized urandom read (16 bytes read, 5 bits of entropy available)
 229
[   13.730682] random: udevadm: uninitialized urandom read (16 bytes read, 5 bits of entropy available)
[   13.730697] random: udevadm: uninitialized urandom read (16 bytes read, 5 bits of entropy available)
[   13.737895] random: udevadm: uninitialized urandom read (16 bytes read, 5 bits of entropy available)
[   13.737931] random: udevadm: uninitialized urandom read (16 bytes read, 5 bits of entropy available)
[   13.738035] random: udevadm: uninitialized urandom read (16 bytes read, 5 bits of entropy available)
[   13.738076] random: udevadm: uninitialized urandom read (16 bytes read, 5 bits of entropy available)
[   13.738115] random: udevadm: uninitialized urandom read (16 bytes read, 5 bits of entropy available)
[   13.738153] random: udevadm: uninitialized urandom read (16 bytes read, 5 bits of entropy available)
[   13.738188] random: udevadm: uninitialized urandom read (16 bytes read, 5 bits of entropy available)
[   14.013634] e1000: Intel(R) PRO/1000 Network Driver - version 7.3.21-k8-NAPI
[   14.026706] e1000: Copyright (c) 1999-2006 Intel Corporation.
[   14.042537] SSE version of gcm_enc/dec engaged.
[   14.043210] Fusion MPT base driver 3.04.20
[   14.043211] Copyright (c) 1999-2008 LSI Corporation
[   14.069462] Fusion MPT SPI Host driver 3.04.20
[   14.250320] input: ImExPS/2 Generic Explorer Mouse as /devices/platform/i8042/serio1/input/input4
[   14.388370] e1000 0000:00:03.0 eth0: (PCI:33MHz:32-bit) 02:fb:a8:4c:29:d0
[   14.470193] e1000 0000:00:03.0 eth0: Intel(R) PRO/1000 Network Connection
[   14.471654] mptbase: ioc0: Initiating bringup
[   14.472943] e1000 0000:00:03.0 enp0s3: renamed from eth0
[   14.536640] ioc0: LSI53C1030 A0: Capabilities={Initiator}
[   15.342271] scsi host2: ioc0: LSI53C1030 A0, FwRev=00000000h, Ports=1, MaxQ=256, IRQ=20
[   16.018053] scsi 2:0:0:0: Direct-Access     VBOX     HARDDISK         1.0  PQ: 0 ANSI: 5
[   16.122696] scsi target2:0:0: Beginning Domain Validation
[   16.367916] scsi target2:0:0: Domain Validation skipping write tests
[   16.368931] scsi target2:0:0: Ending Domain Validation
[   16.482105] scsi target2:0:0: asynchronous
[   16.487643] scsi 2:0:1:0: Direct-Access     VBOX     HARDDISK         1.0  PQ: 0 ANSI: 5
[   16.489186] scsi target2:0:1: Beginning Domain Validation
[   16.632179] scsi target2:0:1: Domain Validation skipping write tests
[   16.633070] scsi target2:0:1: Ending Domain Validation
[   16.633861] scsi target2:0:1: asynchronous
[   16.638726] sd 2:0:0:0: [sda] 20971520 512-byte logical blocks: (10.7 GB/10.0 GiB)
[   16.639994] sd 2:0:0:0: Attached scsi generic sg0 type 0
[   16.716991] sd 2:0:0:0: [sda] Write Protect is off
[   16.811159] sd 2:0:1:0: [sdb] 20480 512-byte logical blocks: (10.5 MB/10.0 MiB)
[   16.812412] sd 2:0:0:0: [sda] Incomplete mode parameter data
[   16.812482] sd 2:0:1:0: [sdb] Write Protect is off
[   16.812532] sd 2:0:1:0: [sdb] Incomplete mode parameter data
[   16.812533] sd 2:0:1:0: [sdb] Assuming drive cache: write through
[   16.812636] sd 2:0:1:0: Attached scsi generic sg1 type 0
[   16.838797] sd 2:0:1:0: [sdb] Attached SCSI disk
[   17.188927] sd 2:0:0:0: [sda] Assuming drive cache: write through
[   17.196252]  sda: sda1
[   17.239135] sd 2:0:0:0: [sda] Attached SCSI disk
Begin: Loading e[   18.598479] md: linear personality registered for level -1
ssential drivers[   18.628348] md: multipath personality registered for level -4
 ... [   18.681607] md: raid0 personality registered for level 0
[   18.685467] md: raid1 personality registered for level 1
[   18.772398] raid6: sse2x1   gen() 11313 MB/s
[   18.932391] raid6: sse2x1   xor()  8025 MB/s
[   19.000704] raid6: sse2x2   gen() 14708 MB/s
[   19.116363] raid6: sse2x2   xor() 10125 MB/s
[   19.244399] raid6: sse2x4   gen() 16575 MB/s
[   19.352395] raid6: sse2x4   xor() 11193 MB/s
[   19.364809] raid6: using algorithm sse2x4 gen() 16575 MB/s
[   19.396775] raid6: .... xor() 11193 MB/s, rmw enabled
[   19.420750] raid6: using ssse3x2 recovery algorithm
[   19.433755] xor: measuring software checksum speed
[   19.472388]    prefetch64-sse: 17148.000 MB/sec
[   19.524399]    generic_sse: 17240.000 MB/sec
[   19.541849] xor: using function: generic_sse (17240.000 MB/sec)
[   19.543717] async_tx: api initialized (async)
[   19.552313] md: raid6 personality registered for level 6
[   19.554607] md: raid5 personality registered for level 5
[   19.577249] md: raid4 personality registered for level 4
[   19.601695] md: raid10 personality registered for level 10
done.
Begin: Running /scripts/init-premount ... done.
Begin: Mounting root file system ... Begin: Running /scripts/local-top ... done.
Begin: Running /scripts/local-premount ... [   19.646966] Btrfs loaded
Scanning for Btrfs filesystems
done.
Warning: fsck not present, so sk[   19.700315] EXT4-fs (sda1): mounted filesystem with ordered data mode. Opts: (null)
ipping root file system
done.
Begin: Running /scripts/local-bottom ... done.
Begin: Running /scripts/init-bottom ... done.
[   20.159996] systemd[1]: systemd 229 running in system mode. (+PAM +AUDIT +SELINUX +IMA +APPARMOR +SMACK +SYSVINIT +UTMP +LIBCRYPTSETUP +GCRYPT +GNUTLS +ACL +XZ -LZ4 +SECCOMP +BLKID +ELFUTILS +KMOD -IDN)
[   20.218593] systemd[1]: Detected virtualization oracle.
[   20.219354] systemd[1]: Detected architecture x86-64.

Welcome to [1mUbuntu 16.04.5 LTS[0m!

[   20.280055] systemd[1]: Set hostname to <ubuntu>.
[ 20.3398]ysmd]:nializin macinIDroraom geror

[   21.012498] sysmd1]: nsalled raie /c/che-id fil.
[   21.659170] rnd: nblocking pool is initialized

[   22.652802] sysem1]Lieng  L2 tata daemon sck.
[[0;32m  OK  [0m] Listening on LVM2 metadata daemon socket.
[   23.18472] std[: istenig  Jrn Aitocet.
[[0;32m  OK  [0m] Listening on Journal Audit Socket.
[ 23445]ysmd]:eaedtargt Swap.
[[0;32m  OK  [0m] Reached target Swap.
[   24.182552] systemd[1]: Reached target System Time Synchronized.
[[0;32m  OK  [0m] Reached target System Time Synchronized.
[   4.91] std[: Set p automount Arbitrary Executable File Formats File System Automount Point.
[[0;32m  OK  [0m] Set up automount Arbitrary Executab...ats File System Automount Point.
[   4.34] systed[1]: Created slice User and Session Slice.
[[0;32m  OK  [0m] Created slice User and Session Slice.
[   25.128872] systemd[1]: Created slice System Slice.
[[0;32m  OK  [0m] Created slice System Slice.
[   25.131210] systemd[1]: Created slice system-serial\x2dgetty.slice.
[[0;32m  OK  [0m] Created slice system-serial\x2dgetty.slice.
[   25.142049] systemd[1]: Listening on /dev/initctl Compatibility Named Pipe.
[[0;32m  OK  [0m] Listening on /dev/initctl Compatibility Named Pipe.
[   25.144048] systemd[1]: Reached target User and Group Name Lookups.
[[0;32m  OK  [0m] Reached target User and Group Name Lookups.
[   25.194918] systemd[1]: Reached target Encrypted Volumes.
[[0;32m  OK  [0m] Reached target Encrypted Volumes.
[   25.207662] systemd[1]: Listening on LVM2 poll daemon socket.
[[0;32m  OK  [0m] Listening on LVM2 poll daemon socket.
[   25.211580] systemd[1]: Listening on Syslog Socket.
[[0;32m  OK  [0m] Listening on Syslog Socket.
[   25.214754] systemd[1]: Listening on udev Kernel Socket.
[[0;32m  OK  [0m] Listening on udev Kernel Socket.
[   25.353783] systemd[1]: Listening on Journal Socket (/dev/log).
[[0;32m  OK  [0m] Listening on Journal Socket (/dev/log).
[   25.355633] systemd[1]: Listening on Journal Socket.
[[0;32m  OK  [0m] Listening on Journal Socket.
[   25.400700] systemd[1]: Starting Nameserver information manager...
         Starting Nameserver information manager...
[   25.452982] systemd[1]: Starting Journal Service...
         Starting Journal Service...
[   25.463672] systemd[1]: Mounting Huge Pages File System...
         Mounting Huge Pages File System...
[   25.509254] systemd[1]: Starting Load Kernel Modules...
         Starting Load Kernel Modules...
[   25.543015] systemd[1]: Started Trigger resolvconf update for networkd DNS.
[   25.582858] Loading iSCSI transport class v2.0-870.
[[0;32m  OK  [0[   25.591719] iscsi: registered transport (tcp)
m] Started Trigger resolvconf update for networkd DNS.
[   25.616542] systemd[1]: Starting Uncomplicated firewall...
         Starting Uncomplicated firewall...
[   25.647283] systemd[1]: Listening on udev Control Socket.
[[0;32m  OK  [0[   25.665128] iscsi: registered transport (iser)
m] Listening on udev Control Socket.
[   25.688152] systemd[1]: Mounting Debug File System...
         Mounting Debug File System...
[   25.690812] systemd[1]: Listening on Device-mapper event daemon FIFOs.
[[0;32m  OK  [0m] Listening on Device-mapper event daemon FIFOs.
[ 2565196syem1]StteForward Password Requests to Wall Directory Watch.
[[0;32m  OK  [0m] Started Forward Password Requests to Wall Directory Watch.
[   26.232933] systemd[1]: Starting Monitoring of LVM2 mirrors, snapshots etc. using dmeventd or progress polling...
         Starting Monitoring of LVM2 mirrors... dmeventd or progress polling...
[   26.304621] systemd[1]: Starting Remount Root and Kernel File Systems...
         Starting Remount Root and Kernel File Systems...
[   26.312976] systemd[1]: Reached target Slices.
[   26.319154] EXT4-fs (sda1): re-mounted. Opts: (null)
[[0;32m  OK  [0m] Reached target Slices.
[   26.328138] systemd[1]: Starting Create list of required static device nodes for the current kernel...
         Starting Create list of required st... nodes for the current kernel...
[   26.336998] systemd[1]: Starting Set console keymap...
         Starting Set console keymap...
[   26.342727] systemd[1]: Mounting POSIX Message Queue File System...
         Mounting POSIX Message Queue File System...
[   26.409134] systemd[1]: Mounted POSIX Message Queue File System.
[[0;32m  OK  [0m] Mounted POSIX Message Queue File System.
[   26.452575] syte[1 Mntd Debug File System.
[[0;32m  OK  [0m] Mounted Debug File System.
[   26.724677] sysemd[1]: und geag Fe st.
[[0;32m  OK  [0m] Mounted Huge Pages File System.
[ 27860]ystemd[1]: Started Journal Service.
[[0;32m  OK  [0m] Started Journal Service.
[[0;32m  OK  [0m] Started Load Kernel Modules.
[[0;32m  OK  [0m] Started Uncomplicated firewall.
[[0;32m  OK  [0m] Started Remount Root and Kernel File Systems.
[[0;32m  OK  [0m] Started Create list of required sta...ce nodes for the current kernel.
[[0;32m  OK  [0m] Started Set console keymap.
[[0;32m  OK  [0m] Started Nameserver information manager.
[[0;32m  OK  [0m] Started LVM2 metadata daemon.
         Starting Create Static Device Nodes in /dev...
         Starting udev Coldplug all Devices...
         Starting Load/Save Random Seed...
         Starting Apply Kernel Variables...
         Mounting FUSE Control File System...
         Starting Flush Journal to Persistent Storage...
[[0;32m  OK  [0m] Mounted FUSE Control File System.
[[0;32m  OK  [0m] Started Load/Save Random Seed.
[   27.637665] systemd-journald[371]: Received request to flush runtime journal from PID 1
[[0;32m  OK  [0m] Started udev Coldplug all Devices.
[[0;32m  OK  [0m] Started Flush Journal to Persistent Storage.
[[0;32m  OK  [0m] Started Apply Kernel Variables.
[[0;32m  OK  [0m] Started Create Static Device Nodes in /dev.
         Starting udev Kernel Device Manager...
[[0;32m  OK  [0m] Started Monitoring of LVM2 mirrors,...ng dmeventd or progress polling.
[[0;32m  OK  [0m] Started udev Kernel Device Manager.
[[0;32m  OK  [0m] Started Dispatch Password Requests to Console Directory Watch.
[[0;32m  OK  [0m] Reached target Local File Systems (Pre).
[[0;32m  OK  [0m] Reached target Local File Systems.
         Starting Commit a transient machine-id on disk...
         Starting LSB: AppArmor initialization...
         Starting Create Volatile Files and Directories...
         Starting Tell Plymouth To Write Out Runtime Data...
         Starting Set console font and keymap...
         Starting Initial cloud-init job (pre-networking)...
[[0;32m  OK  [0m] Started Create Volatile Files and Directories.
         Starting Update UTMP about System Boot/Shutdown...
[[0;32m  OK  [0m] Started Commit a transient machine-id on disk.
[[0;32m  OK  [0m] Started Tell Plymouth To Write Out Runtime Data.
[[0;32m  OK  [0m] Started Update UTMP about System Boot/Shutdown.
[[0;32m  OK  [0m] Found device /dev/ttyS0.
[[0;32m  OK  [0m] Listening on Load/Save RF Kill Switch Status /dev/rfkill Watch.
[[0;32m  OK  [0m] Started Set console font and keymap.
[[0;32m  OK  [0m] Created slice system-getty.slice.
[[0;32m  OK  [0m] Started LSB: AppArmor initialization.
[   21.393312] cloud-init[496]: Cloud-init v. 18.3-9-g2e62cb8a-0ubuntu1~16.04.2 running 'init-local' at Sat, 29 Sep 2018 10:00:32 +0000. Up 21.04 seconds.
[[0;32m  OK  [0m] Started Initial cloud-init job (pre-networking).
[[0;32m  OK  [0m] Reached target Network (Pre).
         Starting Raise network interfaces...
[[0;32m  OK  [0m] Started Raise network interfaces.
         Starting Initial cloud-init job (metadata service crawler)...
[[0;32m  OK  [0m] Reached target Network.
[   23.800049] cloud-init[942]: Cloud-init v. 18.3-9-g2e62cb8a-0ubuntu1~16.04.2 running 'init' at Sat, 29 Sep 2018 10:00:34 +0000. Up 22.30 seconds.
[   23.825581] cloud-init[942]: ci-info: ++++++++++++++++++++++++++++++++++++++Net device info++++++++++++++++++++++++++++++++++++++
[   23.827136] cloud-init[942]: ci-info: +--------+------+----------------------------+---------------+--------+-------------------+
[   23.850305] cloud-init[942]: ci-info: | Device |  Up  |          Address           |      Mask     | Scope  |     Hw-Address    |
[[0;32m  OK  [0m] Started Initial cloud-init job (metadata service crawler).
[[0;32m  OK  [0m] Reached target System Initialization.
[[0;32m  OK  [0m] Listening on ACPID Listen Socket.
[[0;32m  OK  [0m] Started Daily apt download activities.
[[0;32m  OK  [0m] Started Daily apt upgrade and clean activities.
[[0;32m  OK  [0m] Listening on UUID daemon activation socket.
[   23.854900] cloud-init[942]: ci-info: +--------+------+----------------------------+---------------+--------+-------------------+
[   23.945746] cloud-init[942]: ci-info: | enp0s3 | True |         10.0.2.15          | 255.255.255.0 | global | 02:fb:a8:4c:29:d0 |
[   23.949939]          Starting LXD - unix socket.
cloud-init[942]: ci-info: | enp0s3 | True | fe80::fb:a8ff:fe4c:29d0/64 |       .       |  link  | 02:fb:a8:4c:29:d0 |[[0;32m  OK  [0m] Started ACPI Events Check.
[[0;32m  OK  [0m] Reached target Paths.
[[0;32m  OK  [0m] Listening on D-Bus System Message Bus Socket.
[[0;32m  OK  [0m] Started Daily Cleanup of Temporary Directories.
[[0;32m  OK  [0m] Reached target Timers.
         Starting Socket activation for snappy daemon.
[[0;32m  OK  [0m] Reached target Cloud-config availability.
[[0;32m  OK  [0m] Reached target Network is Online.

[   23.963547] cloud-init[942]: ci-info: |   lo   | True |         127.0.0.1          |   255.0.0.0   |  host  |         .         |
[   23.967706] cloud-init[942]: ci-info: |   lo   | True |          ::1/128           |       .       |  host  |         .         |
[   23.971869] cloud-init[942]: ci-info: +--------+------+----------------------------+---------------+--------+-------------------+
[   23.975733] cloud-init[942]: ci-info: +++++++++++++++++++++++++++Route IPv4 info++++++++++++++++++++++++++++
[   23.978720] cloud-init[942]: ci-info: +-------+-------------+----------+---------------+-----------+-------+
[   23.981170] cloud-init[942]: ci-info: | Route | Destination | Gateway  |    Genmask    | Interface | Flags |         Starting iSCSI initiator daemon (iscsid)...
[[0;32m  OK  [0m] Listening on LXD - unix socket.
[[0;32m  OK  [0m] Listening on Socket activation for snappy daemon.

[   23.989611] cloud-init[942]: ci-info: +-------+-------------+----------+---------------+-----------+-------+
[   23.989811] cloud-init[942]: ci-info: |   0   |   0.0.0.0   | 10.0.2.2 |    0.0.0.0    |   enp0s3  |   UG  |
[   23.989844] cloud-init[942]: ci-info: |   1   |   10.0.2.0  | 0.0.0.0  | 255.255.255.0 |   enp0s3  |   U   |
[   23.989873] cloud-init[942]: ci-info: +-------+-------------+----------+---------------+-----------+-------+
[[0;32m  OK  [0m] Reached target Sockets.
[[0;32m  OK  [0m] Reached target Basic System.
[   23.989902] cloud-init[942]: ci-info: +++++++++++++++++++Route IPv6 info+++++++++++++++++++
[   24.039277] cloud-init[942]: ci-info: +-------+-------------+---------+-----------+-------+
[   24.040559] cloud-init[942]: ci-info: | Route | Destination | Gateway | Interface | Flags |
[   24.041778] cloud-init[942]: ci-info: +-------+-------------+---------+-----------+-------+
[   24.072419]          cloud-initStarting System Logging Service...[942]: 
ci-info: |   0   |  fe80::/64  |    ::   |   enp0s3  |   U   |
[   24.086507] cloud-init[942]: ci-info: |   3   |   ff00::/8  |    ::   |   enp0s3  |   U   |
[   24.088422] cloud-init[942]: ci-info: +-------+-------------+---------+-----------+-------+
[[0;32m  OK  [0m] Started Regular background program processing daemon.
[   24.093904] cloud-init[942]: Generating public/private rsa key pair.
[   24.098821]          Starting Snappy daemon...
cloud-init[942]: Your identification has been saved in /etc/ssh/ssh_host_rsa_key.
[   24.113063]          Starting /etc/rc.local Compatibility...
cloud-init[942]: Your public key has been saved in /etc/ssh/ssh_host_rsa_key.pub.
[[0;32m  OK  [0m] Started ACPI event daemon.
[   24.146122] cloud-init[942]: The key fingerprint is:
[   24.148601] cloud-init[942]: SHA256:oGwqI4JNcBnrRZLnxNZpW+FYbbMdPyP8e44gKwgGI6A root@ubuntu-xenial
[   24.151162] cloud-init[942]: The key's randomart image is:
[   24.169870] cloud-init[[0;32m  OK  [0m] Started FUSE filesystem for LXC.
[942]: +---[RSA 2048]----+
[   24.174772] [[0;32m  OK  [0m] Started Deferred execution scheduler.
cloud-init[942]: |  oo.. .oo       |
[   24.178322] cloud-init[942]: |. .*= ++. + .    |
[   24.178459] cloud-init[942]: |+ +=..oo.. = o   |
         Starting Login Service...
[   24.178584] cloud-init[942]: |E+oo....  . + +  |
[   24.294288] cloud-init[942]: | .oo+   S    o o |
[   24.296369] cloud-init         [942]: Starting LSB: MD monitoring daemon...|.o oo         .  |

[[0;32m  OK  [0m] Started D-Bus System Message Bus.
[   24.315275] cloud-init[942]: |* o. . .  . .  . |
[   24.353318] cloud-init[942]: |oo    . .  o ....|
[   24.396998] cloud-init[942]: |         ..   .o.|
[   24.429396] cloud-init[942]: +----[SHA256]-----+
[   24.439608] cloud-init[942]: Generating public/private dsa key pair.
[   24.461030] cloud-init[942]: Your identification has been saved in /etc/ssh/ssh_host_dsa_key.
[   24.484829] cloud-init[942]: Your public key has been saved in /etc/ssh/ssh_host_dsa_key.pub.
[   24.518479] cloud-init[942]: The key fingerprint is:
[   24.552959] cloud-init[942]: SHA256:nJZAwNYnAc0BdTOCv3YhF8V46JCQF6EVpxVwYbOopGg root@ubuntu-xenial
[   24.569647] cloud-init[942]: The key's randomart image is:
         Starting LSB: Record successful boot for GRUB...
[   24.583901] cloud-init[942]: +---[DSA 1024]----+
         Starting LXD - container startup/shutdown...
[   24.665269] cloud-init[942]: |   .=%%O%B.      |
[   24.763784]          Starting Accounts Service...
[[0;32m  OK  [0m] Started Unattended Upgrades Shutdown.
cloud-init[942]: |    =+OX==o      |
[   24.804945] cloud-init[942]: |   .oo+=.o       |
         Starting Pollinate to seed the pseudo random number generator...[   24.814736] cloud-init[942]: | . o .oo+o       |
[   24.820594] cloud-init[942]: |.E. .  +S.       |
[   24.821060] cloud-init[942]: |.     o..        |
[   24.821608] cloud-init[942]: |     . .         |
[   24.822139] cloud-init[942]: |                 |
[   24.822830] cloud-init[942]: |                 |
[   24.823357] cloud-init[942]: +----[SHA256]-----+
[   24.823886] cloud-init[942]: Generating public/private ecdsa key pair.
[   24.825501] cloud-init[942]: Your identification has been saved in /etc/ssh/ssh_host_ecdsa_key.
[   24.826053] cloud-init[942]: Your public key has been saved in /etc/ssh/ssh_host_ecdsa_key.pub.
[   24.826585] cloud-init[942]: The key fingerprint is:
[   24.827119] cloud-init[942]: SHA256:btuEWkcbFCNlJLoR+4K/277YRuI194EvxWXnmPTx+YM root@ubuntu-xenial
[   24.833777] cloud-init[942]: The key's randomart image is:
[   24.835059] cloud-init[942]: +---[ECDSA 256]---+
[   24.835497] cloud-init[942]: |      . oo*      |
[   24.836008] cloud-init[942]: |       + + o     |
[   24.837092] cloud-init[942]: |      +   .      |
[   24.837720] cloud-init[942]: |     . + .    +..|
[   24.838870] cloud-init[942]: |    . o S oo + *+|
[   24.839383] cloud-init[942]: |     ..o+ooo+ o.+|
[   24.839920] cloud-init[942]: |     ..+=o++ .. .|
[   24.841293] cloud-init[942]: |      .O.=. oE ..|
[   24.841850] cloud-init[942]: |      =+*...    .|
[   24.842376] cloud-init[942]: +----[SHA256]-----+
[   24.842907] cloud-init[942]: Generating public/private ed25519 key pair.
[   24.843510] cloud-init[942]: Your identification has been saved in /etc/ssh/ssh_host_ed25519_key.
[   24.844024] cloud-init[942]: Your public key has been saved in /etc/ssh/ssh_host_ed25519_key.pub.
[   24.850040] cloud-init[942]: The key fingerprint is:
[   24.850820] cloud-init[942]: SHA256:fhTGfTYaIdbJ3Mt+AWDvsLXhxg7GOD+rxoSoUfZUkCk root@ubuntu-xenial
[   24.851247] cloud-init[942]: The key's randomart image is:
[   24.851674] cloud-init[942]: +--[ED25519 256]--+
[   24.852547] cloud-init[942]: |       .+ o*oo   |
[   24.853435] cloud-init[942]: |     E o +.o*o.  |
[   24.853844] cloud-init[942]: |      . . +.o==. |
[   24.854807] cloud-init[942]: |     o . .o.B==o |
[   24.855148] cloud-init[942]: |    o + So.=.B  .|
[   24.855502] cloud-init[942]: |   . . + o+ + . .|
[   24.855857] cloud-init[942]: |    o   + .o . . |
[   24.856841] cloud-init[942]: |   .     +  o    |
[   24.859338] cloud-init[942]: |        ....     |
[   24.859576] cloud-init[942]: +----[SHA256]-----+

         Starting Virtualbox guest utils...
[[0;32m  OK  [0m] Started System Logging Service.
[[0;32m  OK  [0m] Started Snappy daemon.
[[0;32m  OK  [0m] Started /etc/rc.local Compatibility.
[[0;32m  OK  [0m] Started iSCSI initiator daemon (iscsid).
[[0;32m  OK  [0m] Started Login Service.
         Starting Authenticate and Authorize Users to Run Privileged Tasks...
         Starting Login to default iSCSI targets...
         Starting Wait until snapd is fully seeded...
[[0;32m  OK  [0m] Started LSB: Record successful boot for GRUB.
[[0;32m  OK  [0m] Started LSB: MD monitoring daemon.
[[0;32m  OK  [0m] Started Login to default iSCSI targets.
[[0;32m  OK  [0m] Reached target Remote File Systems (Pre).
[[0;32m  OK  [0m] Reached target Remote File Systems.
         Starting LSB: daemon to balance interrupts for SMP systems...
         Starting LSB: automatic crash report generation...
         Starting LSB: Set the CPU Frequency Scaling governor to "ondemand"...
         Starting Permit User Sessions...
[[0;32m  OK  [0m] Started Authenticate and Authorize Users to Run Privileged Tasks.
[[0;32m  OK  [0m] Started Accounts Service.
[[0;32m  OK  [0m] Started Virtualbox guest utils.
[[0;32m  OK  [0m] Started LSB: Set the CPU Frequency Scaling governor to "ondemand".
[[0;32m  OK  [0m] Started Permit User Sessions.
         Starting Terminate Plymouth Boot Screen...
         Starting Hold until boot process finishes up...
[[0;32m  OK  [0m] Started LSB: daemon to balance interrupts for SMP systems.
[[0;32m  OK  [0m] Started Terminate Plymouth Boot Screen.
[[0;32m  OK  [0m] Started Hold until boot process finishes up.
[[0;32m  OK  [0m] Started Serial Getty on ttyS0.
[[0;32m  OK  [0m] Started Getty on tty1.
[[0;32m  OK  [0m] Reached target Login Prompts.
         Starting Set console scheme...
[[0;32m  OK  [0m] Started Set console scheme.
[[0;32m  OK  [0m] Started LSB: automatic crash report generation.
[[0;32m  OK  [0m] Started LXD - container startup/shutdown.
[[0;32m  OK  [0m] Started Pollinate to seed the pseudo random number generator.
         Starting OpenBSD Secure Shell server...
[[0;32m  OK  [0m] Started OpenBSD Secure Shell server.
[[0;32m  OK  [0m] Created slice User Slice of vagrant.
         Starting User Manager for UID 1000...
[[0;32m  OK  [0m] Started Session 1 of user vagrant.
[[0;32m  OK  [0m] Started User Manager for UID 1000.
[[0;32m  OK  [0m] Started Wait until snapd is fully seeded.
         Starting Apply the settings specified in cloud-config...
[[0;32m  OK  [0m] Reached target Multi-User System.
[[0;32m  OK  [0m] Reached target Graphical Interface.
         Starting Update UTMP about System Runlevel Changes...
[[0;32m  OK  [0m] Started Update UTMP about System Runlevel Changes.
[   29.005975] cloud-init[1350]: Generating locales (this might take a while)...
[   29.690788] cloud-init[1350]:   en_US.UTF-8... done
[   29.692870] cloud-init[1350]: Generation complete.
[   30.491709] cloud-init[1350]: Cloud-init v. 18.3-9-g2e62cb8a-0ubuntu1~16.04.2 running 'modules:config' at Sat, 29 Sep 2018 10:00:40 +0000. Up 28.84 seconds.
[[0;32m  OK  [0m] Started Apply the settings specified in cloud-config.
         Starting Execute cloud user/final scripts...
ci-info: no authorized ssh keys fingerprints found for user ubuntu.
<14>Sep 29 10:00:42 ec2: 
<14>Sep 29 10:00:42 ec2: #############################################################
<14>Sep 29 10:00:42 ec2: -----BEGIN SSH HOST KEY FINGERPRINTS-----
<14>Sep 29 10:00:42 ec2: 1024 SHA256:nJZAwNYnAc0BdTOCv3YhF8V46JCQF6EVpxVwYbOopGg root@ubuntu-xenial (DSA)
<14>Sep 29 10:00:42 ec2: 256 SHA256:btuEWkcbFCNlJLoR+4K/277YRuI194EvxWXnmPTx+YM root@ubuntu-xenial (ECDSA)
<14>Sep 29 10:00:42 ec2: 256 SHA256:fhTGfTYaIdbJ3Mt+AWDvsLXhxg7GOD+rxoSoUfZUkCk root@ubuntu-xenial (ED25519)
<14>Sep 29 10:00:42 ec2: 2048 SHA256:oGwqI4JNcBnrRZLnxNZpW+FYbbMdPyP8e44gKwgGI6A root@ubuntu-xenial (RSA)
<14>Sep 29 10:00:42 ec2: -----END SSH HOST KEY FINGERPRINTS-----
<14>Sep 29 10:00:42 ec2: #############################################################
-----BEGIN SSH HOST KEY KEYS-----
ecdsa-sha2-nistp256 AAAAE2VjZHNhLXNoYTItbmlzdHAyNTYAAAAIbmlzdHAyNTYAAABBBPpg2iGdC/RKbdmbtEEL5eXh6nzN84Qx811BS5h68qn/jqwFTDoc/c7wXo25JlvxKBuaWjzz+Wbngw4+8JEFsDk= root@ubuntu-xenial
ssh-ed25519 AAAAC3NzaC1lZDI1NTE5AAAAIJAaWNaZIQ58x4fvx9kOdJTfPRkfySZIqlUSkZIH/xIJ root@ubuntu-xenial
ssh-rsa AAAAB3NzaC1yc2EAAAADAQABAAABAQCoKTt5cCjS2yEPKVLDovKrH5Xb8wSBC9TEN9uq/DEOfv8JX0hpmPry26X+ifnSQgc4BGzs3oWuR5IylzHdDfp0BQvjuGRWCFTKBAjY51DhIoAa0n6ExPHPJJZOMvmS12Scp2rL3aqFsNnEny/H6ZFnJSbjytHslN69JjhURw0rqR1CMbxOjeq1U9pSf4TUfsNe9IDeK7b3TAsJ4m9Zoo9G9E6cqfJq+DgJ43WLfez/iznzbEPERSb47TGAGZZUkXMWiTyVkPYRM6q0P0+bDFDGlVChYo1u1iI6Sbk1HTKYOHBsqiJk3fwwut/w98erY/p3Zm90MN/YYIcABokRsU+H root@ubuntu-xenial
-----END SSH HOST KEY KEYS-----
[   31.013639] cloud-init[1456]: Cloud-init v. 18.3-9-g2e62cb8a-0ubuntu1~16.04.2 running 'modules:final' at Sat, 29 Sep 2018 10:00:42 +0000. Up 30.84 seconds.
[   31.013821] cloud-init[1456]: ci-info: no authorized ssh keys fingerprints found for user ubuntu.
[   31.013923] cloud-init[1456]: Cloud-init v. 18.3-9-g2e62cb8a-0ubuntu1~16.04.2 finished at Sat, 29 Sep 2018 10:00:42 +0000. Datasource DataSourceNoCloud [seed=/dev/sdb][dsmode=net].  Up 31.00 seconds

Ubuntu 16.04.5 LTS ubuntu-xenial ttyS0

ubuntu-xenial login: [[0;32m  OK  [0m] Stopped target Cloud-init target.
[[0;32 [[0;32m  OK  [0m] Unmounted /var/lib/lxcfs.
[[0;32m  OK  [0m] Stopped System Logging Service.
[[0;32m  OK  [0m] Stopped Regular background program processing daemon.
[[0;32m  OK  [0m] Stopped Snappy daemon.
[[0;32m  OK  [0m] Stopped ACPI event daemon.
[[0;32m  OK  [0m] Stopped Deferred execution scheduler.
[[0;32m  OK  [0m] Stopped Accounts Service.
[[0;32m  OK  [0m] Stopped Authenticate and Authorize Users to Run Privileged Tasks.
[[0;32m  OK  [0m] Stopped Serial Getty on ttyS0.
[[0;32m  OK  [0m] Stopped Getty on tty1.
[[0;32m  OK  [0m] Stopped OpenBSD Secure Shell server.
[[0;32m  OK  [0m] Stopped User Manager for UID 1000.
[[0;32m  OK  [0m] Stopped D-Bus System Message Bus.
[[0;32m  OK  [0m] Stopped Session 3 of user vagrant.
[[0;32m  OK  [0m] Stopped Unattended Upgrades Shutdown.
[[0;32m  OK  [0m] Stopped FUSE filesystem for LXC.
[[0;32m  OK  [0m] Stopped LXD - container startup/shutdown.
[[0;32m  OK  [0m] Stopped LSB: MD monitoring daemon.
[[0;32m  OK  [0m] Stopped LSB: daemon to balance interrupts for SMP systems.
[[0;32m  OK  [0m] Stopped LSB: Record successful boot for GRUB.
[[0;32m  OK  [0m] Stopped LSB: Set the CPU Frequency Scaling governor to "ondemand".
[[0;32m  OK  [0m] Stopped Virtualbox guest utils.
[[0;32m  OK  [0m] Removed slice User Slice of vagrant.
         Stopping Login Service...
[[0;32m  OK  [0m] Removed slice system-getty.slice.
[[0;32m  OK  [0m] Stopped /etc/rc.local Compatibility.
[[0;32m  OK  [0m] Removed slice system-serial\x2dgetty.slice.
         Stopping Permit User Sessions...
[[0;32m  OK  [0m] Stopped Permit User Sessions.
[[0;32m  OK  [0m] Stopped Login Service.
[[0;32m  OK  [0m] Stopped target User and Group Name Lookups.
[[0;32m  OK  [0m] Stopped LSB: automatic crash report generation.
[[0;32m  OK  [0m] Stopped target Basic System.
[[0;32m  OK  [0m] Stopped target Sockets.
[[0;32m  OK  [0m] Closed Socket activation for snappy daemon.
[[0;32m  OK  [0m] Closed LXD - unix socket.
[[0;32m  OK  [0m] Closed UUID daemon activation socket.
[[0;32m  OK  [0m] Closed ACPID Listen Socket.
[[0;32m  OK  [0m] Closed Syslog Socket.
[[0;32m  OK  [0m] Closed D-Bus System Message Bus Socket.
[[0;32m  OK  [0m] Stopped target Paths.
[[0;32m  OK  [0m] Stopped Forward Password Requests to Wall Directory Watch.
[[0;32m  OK  [0m] Stopped Dispatch Password Requests to Console Directory Watch.
[[0;32m  OK  [0m] Stopped ACPI Events Check.
[[0;32m  OK  [0m] Stopped target Slices.
[[0;32m  OK  [0m] Removed slice User and Session Slice.
[[0;32m  OK  [0m] Stopped target System Initialization.
[[0;32m  OK  [0m] Stopped Create Volatile Files and Directories.
         Stopping Load/Save Random Seed...
[[0;32m  OK  [0m] Stopped target Encrypted Volumes.
[[0;32m  OK  [0m] Stopped Commit a transient machine-id on disk.
[[0;32m  OK  [0m] Stopped target Swap.
[[0;32m  OK  [0m] Stopped target Remote File Systems.
[[0;32m  OK  [0m] Stopped target Remote File Systems (Pre).
         Stopping Login to default iSCSI targets...
[[0;32m  OK  [0m] Stopped Load/Save Random Seed.
[[0;32m  OK  [0m] Stopped Login to default iSCSI targets.
         Stopping iSCSI initiator daemon (iscsid)...
[[0;32m  OK  [0m] Stopped iSCSI initiator daemon (iscsid).
[[0;32m  OK  [0m] Stopped target Network is Online.
[[0;32m  OK  [0m] Stopped Initial cloud-init job (metadata service crawler).
[[0;32m  OK  [0m] Stopped target Network.
         Stopping Raise network interfaces...
[[0;32m  OK  [0m] Stopped Raise network interfaces.
[[0;32m  OK  [0m] Stopped Apply Kernel Variables.
[[0;32m  OK  [0m] Stopped target Local File Systems.
         Unmounting /vagrant...
         Unmounting /run/user/1000...
[[0;32m  OK  [0m] Stopped Load Kernel Modules.
[[0;32m  OK  [0m] Stopped target Network (Pre).
[[0;32m  OK  [0m] Stopped Initial cloud-init job (pre-networking).
[[0;32m  OK  [0m] Unmounted /vagrant.
[[0;32m  OK  [0m] Unmounted /run/user/1000.
[[0;32m  OK  [0m] Reached target Unmount All Filesystems.
[[0;32m  OK  [0m] Stopped target Local File Systems (Pre).
[[0;32m  OK  [0m] Stopped Create Static Device Nodes in /dev.
         Stopping Monitoring of LVM2 mirrors... dmeventd or progress polling...
[[0;32m  OK  [0m] Stopped Remount Root and Kernel File Systems.
[[0;32m  OK  [0m] Reached target Shutdown.
[  154.591282] reboot: Power down