[  000000] Iniiazig cgupubys cpuet[   0.000]nitializing cgroup subsys cpu
[    0.000000] Initializing cgroup subsys cpuacct
[    0.000000] Linux version 4.4.0-135-generic (buildd@lcy01-amd64-020) (gcc version 5.4.0 20160609 (Ubuntu 5.4.0-6ubuntu1~16.04.10) ) #161-Ubuntu SMP Mon Aug 27 10:45:01 UTC 2018 (Ubuntu 4.4.0-135.161-generic 4.4.140)
[    0.000000] Command line: BOOT_IMAGE=/boot/vmlinuz-4.4.0-135-generic root=LABEL=cloudimg-rootfs ro console=tty1 console=ttyS0
[    0.000000] KERNEL supported cpus:
[    0.000000]   Intel GenuineIntel
[    0.000000]   AMD AuthenticAMD
[    0.000000]   Centaur CentaurHauls
[    0.000000] x86/fpu: xstate_offset[2]:  576, xstate_sizes[2]:  256
[    0.000000] x86/fpu: Supporting XSAVE feature 0x01: 'x87 floating point registers'
[    0.000000] x86/fpu: Supporting XSAVE feature 0x02: 'SSE registers'
[    0.000000] x86/fpu: Supporting XSAVE feature 0x04: VXregistrs'
[    0.000000] x86/fpu: Enabled xstate features 0x7, context size is 832 bytes, using 'standard' format.
[    0.000000] e820: BIOS-provided physical RAM map:
[    0.000000] BIOS-e820: [mem 0x0000000000000000-0x000000000009fbff] usable
[    0.000000] BIOS-e820: [mem 0x000000000009f0-x00000009ffff] reseve
[    0.000000] BIOS-e820: [m 0x00000000f000-0x00000000fff] resered[   0.00000]IOe820: emx000000000100000-0x000000003ffeffff] usable
[    0.000000] BIOS-20: [mem 000000003ff000-0000003ffff] PIat
[  0.0000] BIOS-e820: [mem 0x00000000fec00000-0x00000000fec00fff] reserved
[    0.000000] BIOS-e820: [mem 0x00000000fee00000-0x0000ee00fff]rerv
[    0.00000BIS-e820:[m 00000000ffc000-00000000ffff reserved[  0.000000] NX (Excu Dable) prtection:ctve
[   0000] SMBIS .5resent.[  0.00000Hyrvisor detected: KVM
[   0.000000] e820: last_pfn = 0x3fff0 max_arch_pfn = 0x400000000
[  0000000]MTR:Disable
[    0.000000] x86/PAT: MTRRs disabled, kippngPA initilitionto.
[    00000 CPUMTRRs all blank - virtualized system.
   000000] x86/PAT Cnfguation [0-7]: WB  WT  UC- UC  WB  WT  UC- UC  
[    0.000000] found SMP MP-table at [mem 0x0009fff0-0x0009ff mped at[ff880009fff0]
[    0.000000] Scanning 1ars for low memory corruption
[    0.000000] RAMDISK:[m 03630a000-0x3717cfff][  0.000000] ACPI: Earlyabe checksum verification disabled
[  0000000] ACPI: RSDP 0x00000000000E0000 000024 (v02 VBOX  )
[    0.000000] ACPI: XSDT 0x000000003FFF0030 00003C (v01 VBOX   VBOXXSDT 00000001 ASL  00000061)
[    0.000000] ACPI: FACP 0x000000003FFF00F0 0000F4 (v04 VBOX   VBOXFACP 00000001 ASL  00000061)
[    0.000000] ACPI: DSDT 0x000000003FFF0470 0021FF (v02 VBOX   VBOXBIOS 00000002 INTL 20160108)
[    0.000000] ACPI: FACS 0x000000003FFF0200 000040
[    0.000000] ACPI: FACS 0x000000003FFF0200 000040
[    0.000000] ACPI: APIC 0x000000003FFF0240 00005C (v02 VBOX   VBOXAPIC 00000001 ASL  00000061)
[    0.00000] ACPI:SST x00000003FFF02A0 0001CC (v01 VBOX   VOXUT0000002 INTL 20160108)[   000000] No NUMA configurationoud
[    .000] Faking aod a[mem 0x0000000000000000-0x000000003ffeffff]
[    0.000000] NODE_DATA(0) allocated [mem 0x3ffeb000-0x3ffeff]
  0.0000] kvm-clock: Using msrs 4b564d01 and 4b564d00
[    0.000000] kvm-clock: cpu 0, msr 0:3ffe3001, primary cpu clock
[    0.000000] kvm-clock: using sched offset of 3520448715 cycles
[    0.000000] clocksource: kvm-clock: mask: 0xffffffffffffffff max_cycles: 0x1cd42e4dffb, max_idle_ns: 881590591483 ns
[    0.000000] Zone ranges:
[    0.000000]   DMA      [mem 0x0000000000001000-0x0000000000ffffff]
[    0.000000]   DMA32    [mem 0x0000000001000000-0x000000003ffeffff]
[    0.000000]   Normal   empty
[    0.000000]   Device   empty
[    0.000000] Movable zone start for each node
[    0.000000] Early memory node ranges
[    0.000000]   node   0: [mem 0x0000000000001000-0x000000000009efff]
[    0.000000]   node   0: [mem 0x0000000000100000-0x000000003ffeffff]
[    0.000000] Initmem setup node 0 [mem 0x0000000000001000-0x000000003ffeffff]
[    0.000000] ACPI: PM-Timer IO Port: 0x4008
[    0.000000] IOAPIC[0]: apic_id 2, version 32, address 0xfec00000, GSI 0-23
[    0.000000] ACPI: INT_SRC_OVR (bus 0 bus_irq 0 global_irq 2 dfl dfl)
[    0.000000] ACPI: INT_SRC_OVR (bus 0 bus_irq 9 global_irq 9 low level)
[    0.000000] Using ACPI (MADT) for SMP configuration information
[    0.000000] smpboot: Allowing 2 CPUs, 0 hotplug CPUs
[    0.000000] PM: Registered nosave memory: [mem 0x00000000-0x00000fff]
[    0.000000] PM: Registered nosave memory: [mem 0x0009f000-0x09fff]
[    0.0000 P: egiser nave memoy:me0x000a000-00efff][  0.00000]PM Rgitered noavmery: [mem0x000f0000-0x000fffff]
[    0.000000] e820: [mem 0x40000000-0xfebfffff] available for PCI devices
[    0.000000] Booting paravirtualized kernel on KVM
[    0.000000] clocksource: refined-jiffies: mask: 0xffffffff max_cycles: 0xffffffff, max_idle_ns: 7645519600211568 ns
[    0.000000] setup_percpu: NR_CPUS:512 nr_cpumask_bits:512 nr_cpu_ids:2 nr_node_ids:1
[    0.000000] PERCPU: Embedded 34 pages/cpu @ffff88003fc00000 s99544 r8192 d31528 u1048576
[    0.000000] PV qspinlock hash table entries: 256 (order: 0, 4096 bytes)
[    0.000000] Built 1 zonelists in Node order, mobility grouping on.  Total pages: 257912
[    0.000000] Policy zone: DMA32
[    0.000000] Kernel command line: BOOT_IMAGE=/boot/vmlinuz-4.4.0-135-generic root=LABEL=cloudimg-rootfs ro console=tty1 console=ttyS0
[    0.000000] PID hash table entries: 409 (order: 3, 768 yt)
[  00000] Meor 9720K/10412 aailale85K kernelco, 314rwta 4004K rda, 516K init, 1316K bss, 50400K reserved, 0K cma-reserved)
[    0.000000] SLUB: HWalign=64, Order=0-3, MinObjects=0, CPUs=2, Nodes=1
[    0.000000] Kernel/User page tables isolation: enabled
[    0.000000] Hierarchical RCU implementation.
[    0.000000] 	Build-time adjustment of leaf fanout to 64.
[    0.000000] 	RCU restricting CPUs from NR_CPUS=512 to nr_cpu_ids=2.
[    0.000000] RCU: Adjusting geometry for rcu_fanout_leaf=64, nr_cpu_ids=2
[    0.000000] NR_IRQS:33024 nr_irqs:440 16
[    0.000000] Console: colour VGA+ 80x25
[    0.000000] console [tty1] enabled
[    0.000000] console [ttyS0] enabled
[    0.000000] tsc: Detected 3192.606 MHz processor
[    3.953326] Calibrating delay loop (skipped) preset value.. 6385.21 BogoMIPS (lpj=12770424)
[    3.954524] pid_max: default: 32768 minimum: 301
[    3.955152] ACPI: Core revision 20150930
[    3.956487] ACPI: 2 ACPI AML tables successfully acquired and loaded
[    3.974382] Security Framework initialized
[    3.974976] Yama: becoming mindful.
[    3.975522] AppArmor: AppArmor initialized
[    3.976176] Dentry cache hash table entries: 131072 (order: 8, 1048576 bytes)
[    3.977651] Inode-cache hash table entries: 65536 (order: 7, 524288 bytes)
[    3.979482] Mount-cache hash table entries: 2048 (order: 2, 16384 bytes)
[    3.998593] Mountpoint-cache hash table entries: 2048 (order: 2, 16384 bytes)
[    3.999592] Initializing cgroup subsys io
[    4.000169] Initializing cgroup subsys memory
[    4.000809] Initializing cgroup subsys devices
[    4.001420] Initializing cgroup subsys freezer
[    4.002054] Initializing cgroup subsys net_cls
[    4.002663] Initializing cgroup subsys perf_event
[    4.003298] Initializing cgroup subsys net_prio
[    4.003917] Initializing cgroup subsys hugetlb
[    4.029676] Initializing cgroup subsys pids
[    4.036524] mce: CPU supports 0 MCE banks
[    4.037253] Last level iTLB entries: 4KB 1024, 2MB 1024, 4MB 1024
[    4.072927] Last level dTLB entries: 4KB 1024, 2MB 1024, 4MB 1024, 1GB 4
[    4.079085] Spectre V2 : Mitigation: Full generic retpoline
[    4.080031] Spectre V2 : Speculation control IBPB not-supported IBRS not-supported
[    4.081005] Speculative Store Bypass: Vulnerable
[    4.083819] Freeing SMP alternatives memory: 32K
[    4.101188] ftrace: allocating 32266 entries in 127 pages
[    4.168125] smpboot: APIC(0) Converting physical 0 to logical package 0
[    4.191916] smpboot: Max logical packages: 1
[    4.192778] x2apic enabled
[    4.193399] Switched APIC routing to physical x2apic.
[    4.194972] ..TIMER: vector=0x30 apic1=0 pin1=2 apic2=-1 pin2=-1
[    4.301058] smpboot: CPU0: Intel(R) Core(TM) i5-4570 CPU @ 3.20GHz (family: 0x6, model: 0x3c, stepping: 0x3)
[    4.310693] Performance Events: unsupported p6 CPU model 60 no PMU driver, software events only.
[    4.311970] KVM setup paravirtual spinlock
[    4.313152] x86: Booting SMP configuration:
[    4.313773] .... node  #0, CPUs:      #1
[    4.314438] kvm-clock: cpu 1, msr 0:3ffe3041, secondary cpu clock
[    4.315762] mce: CPU supports 0 MCE banks
[    4.350304] x86: Booted up 1 node, 2 CPUs
[    4.392937] smpboot: Total of 2 processors activated (12770.42 BogoMIPS)
[    4.458250] devtmpfs: initialized
[    4.459829] evm: security.selinux
[    4.460337] evm: security.SMACK64
[    4.460873] evm: security.SMACK64EXEC
[    4.461411] evm: security.SMACK64TRANSMUTE
[    4.462034] evm: security.SMACK64MMAP
[    4.462570] evm: security.ima
[    4.463040] evm: security.capability
[    4.463737] clocksource: jiffies: mask: 0xffffffff max_cycles: 0xffffffff, max_idle_ns: 7645041785100000 ns
[    4.465049] futex hash table entries: 512 (order: 3, 32768 bytes)
[    4.465989] pinctrl core: initialized pinctrl subsystem
[    4.466770] RTC time:  7:35:02, date: 11/08/18
[    4.467538] NET: Registered protocol family 16
[    4.476595] cpuidle: using governor ladder
[    4.488766] cpuidle: using governor menu
[    4.489649] PCCT header not found.
[    4.490713] ACPI: bus type PCI registered
[    4.491864] acpiphp: ACPI Hot Plug PCI Controller Driver version: 0.5
[    4.493644] PCI: Using configuration type 1 for base access
[    4.505942] ACPI: Added _OSI(Module Device)
[    4.507134] ACPI: Added _OSI(Processor Device)
[    4.521352] ACPI: Added _OSI(3.0 _SCP Extensions)
[    4.580908] ACPI: Added _OSI(Processor Aggregator Device)
[    4.601910] ACPI: Executed 1 blocks of module-level executable AML code
[    4.604458] ACPI: Interpreter enabled
[    4.605043] ACPI: (supports S0 S5)
[    4.605581] ACPI: Using IOAPIC for interrupt routing
[    4.606402] PCI: Using host bridge windows from ACPI; if necessary, use "pci=nocrs" and report a bug
[    4.616726] ACPI: PCI Root Bridge [PCI0] (domain 0000 [bus 00-ff])
[    4.617588] acpi PNP0A03:00: _OSC: OS supports [ASPM ClockPM Segments MSI]
[    4.618486] acpi PNP0A03:00: _OSC: not requesting OS control; OS requires [ExtendedConfig ASPM ClockPM MSI]
[    4.619751] acpi PNP0A03:00: fail to add MMCONFIG information, can't access extended PCI configuration space under this bridge.
[    4.680069] PCI host bridge to bus 0000:00
[    4.680654] pci_bus 0000:00: root bus resource [io  0x0000-0x0cf7 window]
[    4.681523] pci_bus 0000:00: root bus resource [io  0x0d00-0xffff window]
[    4.682379] pci_bus 0000:00: root bus resource [mem 0x000a0000-0x000bffff window]
[    4.683424] pci_bus 0000:00: root bus resource [mem 0x40000000-0xfdffffff window]
[    4.684552] pci_bus 0000:00: root bus resource [bus 00-ff]
[    4.686552] pci 0000:00:01.1: legacy IDE quirk: reg 0x10: [io  0x01f0-0x01f7]
[    4.687421] pci 0000:00:01.1: legacy IDE quirk: reg 0x14: [io  0x03f6]
[    4.688294] pci 0000:00:01.1: legacy IDE quirk: reg 0x18: [io  0x0170-0x0177]
[    4.689185] pci 0000:00:01.1: legacy IDE quirk: reg 0x1c: [io  0x0376]
[    4.717914] pci 0000:00:07.0: quirk: [io  0x4000-0x403f] claimed by PIIX4 ACPI
[    4.756776] pci 0000:00:07.0: quirk: [io  0x4100-0x410f] claimed by PIIX4 SMB
[    4.786431] ACPI: PCI Interrupt Link [LNKA] (IRQs 5 9 10 *11)
[    4.842265] ACPI: PCI Interrupt Link [LNKB] (IRQs 5 9 *10 11)
[    4.888603] ACPI: PCI Interrupt Link [LNKC] (IRQs 5 *9 10 11)
[    4.920195] ACPI: PCI Interrupt Link [LNKD] (IRQs 5 9 10 *11)
[    4.921337] ACPI: Enabled 2 GPEs in block 00 to 07
[    4.922336] vgaarb: setting as boot device: PCI:0000:00:02.0
[    4.928486] vgaarb: device added: PCI:0000:00:02.0,decodes=io+mem,owns=io+mem,locks=none
[    4.970349] vgaarb: loaded
[    4.970799] vgaarb: bridge control possible 0000:00:02.0
[    4.971695] SCSI subsystem initialized
[    4.972442] ACPI: bus type USB registered
[    4.990543] usbcore: registered new interface driver usbfs
[    4.999955] usbcore: registered new interface driver hub
[    5.000681] usbcore: registered new device driver usb
[    5.001991] PCI: Using ACPI for IRQ routing
[    5.002821] NetLabel: Initializing
[    5.003338] NetLabel:  domain hash size = 128
[    5.004055] NetLabel:  protocols = UNLABELED CIPSOv4
[    5.004759] NetLabel:  unlabeled traffic allowed by default
[    5.005618] amd_nb: Cannot enumerate AMD northbridges
[    5.011643] clocksource: Switched to clocksource kvm-clock
[    5.240]ppArmr: AppAmorilysm abed
[    5.385005] pnp: PnP ACPI init
[   386204] pnp: PnP ACPI: found 3 devices

[    5.458583] clocksource: acpi_pm: as: xfff m_cles: 0xffffff, max_idle_ns: 2085701024 ns
[    5.713433] NET: Registered protocol family 2

[    5.714238] TCP established hash table entries: 8192 (order: 4, 65536 bytes)
[    5.715153] TCP bind hash table entries: 8192 (order: 5, 131072 bytes)
[    5.716026] TCP: Hash tables configured (established 8192 bind 8192)
[    5.716834] UDP hash table entries: 512 (order: 2, 16384 bytes)
[    5.717631] UDP-Lite hash table entries: 512 (order: 2, 16384 bytes)
[    5.718470] NET: Registered protocol family 1
[    5.719085] pci 0000:00:00.0: Limiting direct PCI/PCI transfers
[    5.719865] pci 0000:00:01.0: Activating ISA DMA hang workarounds
[    5.720760] Unpacking initramfs...
[   55.904642] Freeing initrd memory: 14796K
[    5.998796] RAPL PMU detected, API unit is 2^-32 Joules, 4 fixed counters 10737418240 ms ovfl timer
[    6.000008] hw unit of domain pp0-core 2^-0 Joules
[    6.000671] hw unit of domain package 2^-0 Joules
[    6.001313] hw unit of domain dram 2^-0 Joules
[    6.001991] hw unit of domain pp1-gpu 2^-0 Joules
[    6.002697] platform rtc_cmos: registered platform RTC device (no PNP device found)
[    6.003798] Scanning for low memory corruption every 60 seconds
[    6.004984] audit: initializing netlink subsys (disabled)
[    6.005759] audit: type=2000 audit(1541662504.558:1): initialized
[    6.006977] Initialise system trusted keyring
[    6.007740] HugeTLB registered 2 MB page size, pre-allocated 0 pages
[    6.009744] zbud: loaded
[    6.010439] VFS: Disk quotas dquot_6.6.0
[    6.011039] VFS: Dquot-cache hash table entries: 512 (order 0, 4096 bytes)
[    6.012113] squashfs: version 4.0 (2009/01/31) Phillip Lougher
[    6.218876] fuse init (API version 7.23)
[    6.219699] Key type big_key registered
[    6.220343] Allocating IMA MOK and blacklist keyrings.
[    6.222708] Key type asymmetric registered
[    6.224925] Asymmetric key parser 'x509' registered
[    6.236792] Block layer SCSI generic (bsg) driver version 0.4 loaded (major 249)
[    6.237979] io scheduler noop registered
[    6.240178] io scheduler deadline registered (default)
[    6.240935] io scheduler cfq registered
[    6.241628] pci_hotplug: PCI Hot Plug PCI Core version: 0.5
[    6.242360] pciehp: PCI Express Hot Plug Controller Driver version: 0.4
[    6.243285] ACPI: AC Adapter [AC] (on-line)
[    6.243922] input: Power Button as /devices/LNXSYSTM:00/LNXPWRBN:00/input/input0
[    6.245026] ACPI: Power Button [PWRF]
[    6.245652] input: Sleep Button as /devices/LNXSYSTM:00/LNXSLPBN:00/input/input1
[    6.246704] ACPI: Sleep Button [SLPF]
[    6.247430] GHES: HEST is not enabled!
[    6.248107] Serial: 8250/16550 driver, 32 ports, IRQ sharing enabled
[    6.270429] 00:02: ttyS0 at I/O 0x3f8((rrq = 4, base_baud = 115200) is a 16550A
[    6.559739] Linux agpgart interface v0.103
[    6.561602] loop: module loaded
[    6.562581] scsi host0: ata_piix
[    6.563230] scsi host1: ata_piix
[    6.563776] ata1: PATA max UDMA/33 cmd 0x1f0 ctl 0x3f6 bmdma 0xd000 irq 14
[    6.564706] ata2: PATA max UDMA/33 cmd 0x170 ctl 0x376 bmdma 0xd008 irq 15
[    6.565904] libphy: Fixed MDIO Bus: probed
[    6.566510] tun: Universal TUN/TAP device driver, 1.6
[    6.567184] tun: (C) 1999-2004 Max Krasnyansky <maxk@qualcomm.com>
[    6.567994] PPP generic driver version 2.4.2
[    6.618596] ehci_hcd: USB 2.0 'Enhanced' Host Controller (EHCI) Driver
[    6.752616] ehci-pci: EHCI PCI platform driver
[    6.761268] ehci-platform: EHCI generic platform driver
[    6.773866] ohci_hcd: USB 1.1 'Open' Host Controller (OHCI) Driver
[    6.778121] ohci-pci: OHCI PCI platform driver
[    6.782102] ohci-platform: OHCI generic platform driver
[    6.782817] uhci_hcd: USB Universal Host Controller Interface driver
[    6.783669] i8042: PNP: PS/2 Controller [PNP0303:PS2K,PNP0f03:PS2M] at 0x60,0x64 irq 1,12
[    6.785307] serio: i8042 KBD port at 0x60,0x64 irq 1
[    6.786021] serio: i8042 AUX port at 0x60,0x64 irq 12
[    6.786792] mousedev: PS/2 mouse device common for all mice
[    6.787931] rtc_cmos rtc_cmos: rtc core: registered rtc_cmos as rtc0
[    6.788831] input: AT Translated Set 2 keyboard as /devices/platform/i8042/serio0/input/input2
[    6.793598] rtc_cmos rtc_cmos: alarms up to one day, 114 bytes nvram
[    6.793613] i2c /dev entries driver
[    6.793671] device-mapper: uevent: version 1.0.3
[    6.839775] device-mapper: ioctl: 4.34.0-ioctl (2015-10-28) initialised: dm-devel@redhat.com
[    6.839800] ledtrig-cpu: registered to indicate activity on CPUs
[    6.840056] NET: Registered protocol family 10
[    6.840178] NET: Registered protocol family 17
[    6.840186] Key type dns_resolver registered
[    6.840380] registered taskstats version 1
[    6.840390] Loading compiled-in X.509 certificates
[    6.840922] Loaded X.509 cert 'Build time autogenerated kernel key: b7189ebc996fd79c52efc1226b6676b25e4f6a2d'
[    6.840936] zswap: loaded using pool lzo/zbud
[    6.842128] Key type trusted registered
[    6.844089] Key type encrypted registered
[    6.844094] AppArmor: AppArmor sha1 policy hashing enabled
[    6.844096] ima: No TPM chip found, activating TPM-bypass!
[    6.844099] ima: Allocated hash algorithm: sha1
[    6.844111] evm: HMAC attrs: 0x1
[    6.844332]   Magic number: 10:401:571
[    6.916010] rtc_cmos rtc_cmos: setting system clock to 2018-11-08 07:35:05 UTC (1541662505)
[    6.916132] BIOS EDD facility v0.16 2004-Jun-25, 0 devices found
[    6.916133] EDD information not available.
[    7.153210] tsc: Refined TSC clocksource calibration: 3191.600 MHz
[    7.154096] clocksource: tsc: mask: 0xffffffffffffffff max_cycles: 0x2e014add0b8, max_idle_ns: 440795319262 ns
[    7.197648] Freeing unused kernel memory: 1516K
[    7.263750] Write protecting the kernel read-only data: 14336k
[    7.280257] Freeing unused kernel memory: 1672K
[    7.281091] Freeing unused kernel memory: 92K
Loading, please wait...
[    7.292996] random: systemd-udevd: uninitialized urandom read (16 bytes read, 2 bits of entropy available)
starting version 229
[    7.293666] random: udevadm: uninitialized urandom read (16 bytes read, 2 bits of entropy available)
[    7.293684] random: udevadm: uninitialized urandom read (16 bytes read, 2 bits of entropy available)
[    7.300103] random: udevadm: uninitialized urandom read (16 bytes read, 2 bits of entropy available)
[    7.300136] random: udevadm: uninitialized urandom read (16 bytes read, 2 bits of entropy available)
[    7.300235] random: udevadm: uninitialized urandom read (16 bytes read, 2 bits of entropy available)
[    7.300273] random: udevadm: uninitialized urandom read (16 bytes read, 2 bits of entropy available)
[    7.300309] random: udevadm: uninitialized urandom read (16 bytes read, 2 bits of entropy available)
[    7.300347] random: udevadm: uninitialized urandom read (16 bytes read, 2 bits of entropy available)
[    7.300382] random: udevadm: uninitialized urandom read (16 bytes read, 2 bits of entropy available)
[    7.579866] e1000: Intel(R) PRO/1000 Network Driver - version 7.3.21-k8-NAPI
[    7.704623] e1000: Copyright (c) 1999-2006 Intel Corporation.
[    7.712294] Fusion MPT base driver 3.04.20
[    7.712901] Copyright (c) 1999-2008 LSI Corporation
[    7.726883] AVX2 version of gcm_enc/dec engaged.
[    7.741168] AES CTR mode by8 optimization enabled
[    7.751851] Fusion MPT SPI Host driver 3.04.20
[    7.944646] input: ImExPS/2 Generic Explorer Mouse as /devices/platform/i8042/serio1/input/input4
[    8.076814] e1000 0000:00:03.0 eth0: (PCI:33MHz:32-bit) 02:fb:a8:4c:29:d0
[    8.471297] e1000 0000:00:03.0 eth0: Intel(R) PRO/1000 Network Connection
[    8.477785] mptbase: ioc0: Initiating bringup
[    8.568631] ioc0: LSI53C1030 A0: Capabilities={Initiator}
[    8.920686] scsi host2: ioc0: LSI53C1030 A0, FwRev=00000000h, Ports=1, MaxQ=256, IRQ=20
[    9.128993] scsi 2:0:0:0: Direct-Access     VBOX     HARDDISK         1.0  PQ: 0 ANSI: 5
[    9.390578] scsi target2:0:0: Beginning Domain Validation
[    9.391868] scsi target2:0:0: Domain Validation skipping write tests
[    9.392687] scsi target2:0:0: Ending Domain Validation
[    9.393433] scsi target2:0:0: asynchronous
[    9.394452] scsi 2:0:1:0: Direct-Access     VBOX     HARDDISK         1.0  PQ: 0 ANSI: 5
[    9.395667] scsi target2:0:1: Beginning Domain Validation
[    9.416628] scsi target2:0:1: Domain Validation skipping write tests
[    9.429145] scsi target2:0:1: Ending Domain Validation
[    9.441628] scsi target2:0:1: asynchronous
[    9.492362] sd 2:0:0:0: Attached scsi generic sg0 type 0
[    9.620909] sd 2:0:0:0: [sda] 20971520 512-byte logical blocks: (10.7 GB/10.0 GiB)
[    9.647685] sd 2:0:0:0: [sda] Write Protect is off
[    9.648490] sd 2:0:0:0: [sda] Incomplete mode parameter data
[    9.649287] sd 2:0:0:0: [sda] Assuming drive cache: write through
[    9.650547] sd 2:0:1:0: Attached scsi generic sg1 type 0
[    9.651744] sd 2:0:1:0: [sdb] 20480 512-byte logical blocks: (10.5 MB/10.0 MiB)
[    9.652948] sd 2:0:1:0: [sdb] Write Protect is off
[    9.653732] sd 2:0:1:0: [sdb] Incomplete mode parameter data
[    9.654529] sd 2:0:1:0: [sdb] Assuming drive cache: write through
[    9.656234]  sda: sda1
[    9.660454] sd 2:0:0:0: [sda] Attached SCSI disk
[    9.684334] sd 2:0:1:0: [sdb] Attached SCSI disk
[    9.744201] e1000 0000:00:08.0 eth1: (PCI:33MHz:32-bit) 08:00:27:da:c5:5e
[   10.012263] e1000 0000:00:08.0 eth1: Intel(R) PRO/1000 Network Connection
[   10.026307] e1000 0000:00:03.0 enp0s3: renamed from eth0
[   10.040021] e1000 0000:00:08.0 enp0s8: renamed from eth1
Begin: Loading e[   11.339560] md: linear personality registered for level -1
ssential drivers[   11.570840] md: multipath personality registered for level -4
 ... [   11.591071] md: raid0 personality registered for level 0
[   11.631346] md: raid1 personality registered for level 1
[   11.701478] raid6: sse2x1   gen() 11366 MB/s
[   11.908020] raid6: sse2x1   xor()  8692 MB/s
[   12.358119] raid6: sse2x2   gen() 14031 MB/s
[   12.428152] raid6: sse2x2   xor()  9971 MB/s
[   12.668112] raid6: sse2x4   gen() 17312 MB/s
[   12.960507] raid6: sse2x4   xor() 11384 MB/s
[   13.308144] raid6: avx2x1   gen() 23020 MB/s
[   13.598111] raid6: avx2x2   gen() 25770 MB/s
[   13.688145] raid6: avx2x4   gen() 28431 MB/s
[   13.718578] raid6: using algorithm avx2x4 gen() 28431 MB/s
[   13.819674] raid6: using avx2x2 recovery algorithm
[   13.990516] xor: automatically using best checksumming function:
[   14.039736]    avx       : 26814.000 MB/sec
[   14.093495] async_tx: api initialized (async)
[   14.276851] md: raid6 personality registered for level 6
[   14.391797] md: raid5 personality registered for level 5
[   14.392537] md: raid4 personality registered for level 4
[   14.397828] md: raid10 personality registered for level 10
done.
Begin: Running /scripts/init-premount ... done.
Begin: Mounting root file system ... Begin: Running /scripts/local-top ... done.
Begin: Running /scripts/local-premount ... [   14.462789] Btrfs loaded
Scanning for Btrfs filesystems
done.
Warning: fsck not present, so skipping root file system
[   14.538567] EXT4-fs (sda1): mounted filesystem with ordered data mode. Opts: (null)
done.
Begin: Running /scripts/local-bottom ... done.
Begin: Running /scripts/init-bottom ... done.
[   15.529050] systemd[1]: systemd 229 running in system mode. (+PAM +AUDIT +SELINUX +IMA +APPARMOR +SMACK +SYSVINIT +UTMP +LIBCRYPTSETUP +GCRYPT +GNUTLS +ACL +XZ -LZ4 +SECCOMP +BLKID +ELFUTILS +KMOD -IDN)
[   15.532166] systemd[1]: Detected virtualization oracle.
[   15.548088] systemd[1]: Detected architecture x86-64.

Welcome to [1mUbuntu 16.04.5 LTS[0m!

[   15.599723] systemd[1]: Set hostname to <ubuntu>.
[   15.730523] systemd[1]: Initializing machine ID from random generator.
[   15.858596] systemd[1]: Installed transient /etc/machine-id file.
[   16.083564] random: nonblocking pool is initialized
[   16.698368] systemd[1]: Listening on Journal Audit Socket.
[[0;32m  OK  [0m] Listening on Journal Audit Socket.
[   16.718237] systemd[1]: Listening on Device-mapper event daemon FIFOs.
[[0;32m  OK  [0m] Listening on Device-mapper event daemon FIFOs.
[   16.720535] systemd[1]: Reached target User and Group Name Lookups.
[[0;32m  OK  [0m] Reached target User and Group Name Lookups.
[   16.722118] systemd[1]: Reached target Swap.
[[0;32m  OK  [0m] Reached target Swap.
[   16.839363] systemd[1]: Listening on udev Control Socket.
[[0;32m  OK  [0m] Listening on udev Control Socket.
[   16.860402] systemd[1]: Created slice User and Session Slice.
[[0;32m  OK  [0m] Created slice User and Session Slice.
[   16.910749] systemd[1]: Listening on LVM2 metadata deeoo  ookktt
[[0;32m  OK  [0m] Listening on LVM2 metadata daemon socket.
[   17.211978] systemd[1]: Started Forward Password Requests to Wall Directory Watch.
[[0;32m  OK  [0m] Started Forward Password Requests to Wall Directory Watch.
[   17.230089] systemd[1]: Listening on Syslog Socket.
[[0;32m  OK  [0m] Listening on Syslog Socket.
[   17.231648] systemd[1]: Created slice System Slice.
[[0;32m  OK  [0m] Created slice System Slice.
[   17.233058] systemd[1]: Reached target Slices.
[[0;32m  OK  [0m] Reached target Slices.
[   17.234555] systemd[1]: Created slice system-serial\x2dgetty.slice.
[[0;32m  OK  [0m] Created slice system-serial\x2dgetty.slice.
[   17.236238] systemd[1]: Reached target Encrypted Volumes.
[[0;32m  OK  [0m] Reached target Encrypted Volumes.
[   17.237669] systemd[1]: Reached target System Time Synchronized.
[[0;32m  OK  [0m] Reached target System Time Synchronized.
[   17.239343] systemd[1]: iittnnnng nn//dev/initctl Compatibility Named iiee
[[0;32m  OK  [0m] Listening on /dev/initctl Compatibility Named Pipe.
[   17.652081] systmm[[]]  iittnnnn  nnJJournal Socket.
[[0;32m  OK  [0m] Listening on Journal Socket.
[   17.995895] systemd[1]: Starting Uncomplicated firewall...
         Starting Uncomplicated firewall...
[   18.200864] systemd[1]: Starting Create list of required static device nodes for the current kernel...
         Starting Create list of required st... nodes for the current kernel...
[   18.404133] systemd[1]: Starting Monitoring of LVM2 mirrors, snapshots etc. using dmeventd or progress polling...
         Starting Monitoring of LVM2 mirrors... dmeventd or progress polling...
[   18.526919] systemd[1]: Mounting Debug File System...
         Mounting Debug File System...
[   18.596093] systemd[1]: Mounting POSIX Message Queue File System...
         Mounting POSIX Message Queue File System...
[   18.642665] systemd[1]: Mounting Huge Pages File System...
         Mounting Huge Pages File System...
[   18.695928] systemd[1]: Starting Nameserver information manager...
         Starting Nameserver information manager...
[   18.871903] systemd[1]: Starting Load Kernel Modules...
[   18.934090] Ladng iSCSI transport class v2.0-870.

         Starting Load Kernel Modules...
[   18.985253] systemd[1]: Starting Set console keymap...
         Starting Set console keymap...
[   18.987445] systemd[1]: Starting Remount Root and Kernel File Systems...
         Startin[   19.012278] EXT4-fs (sda1): re-mounted. Opts: (null)
g Remount Root a[   19.058651] iscsi: registered transport (tcp)
nd Kernel File Systems...
[   19.103884] systemd[1]: Listening on Journal Socket (/dev/log).
[[0;32m  OK  [0m] Listening on Journal Socket (/dev/log).
[   19.203963] systemd[1]: Starting Journal Service...
         Starting Journal Service...
[   19.213088] systemd[1]: Listening on LVM2 poll daemon socket.
[[0;32m  OK  [0m] Listening on LVM2 poll daemon socket.
[   19.221439] systemd[1]: Set up automount Arbitrary Executable File Formats File System Automount Point.
[[0;32m  OK  [0m] Set up automount Arbitrary Executab...ats File System Automount Point.
[   19.309007] systemd[1]: Started Trigger resolvconf update for networkd DNS.
[[0;32m  OK  [0m] Started Trigger resolvconf update for networkd DNS.
[   19.349026] systemd[1]: Listening on udev Kernel Socket.
[[0;32m  OK  [0m] Listening on udev Kernel Socket.
[   19.425703] systemd[1]: Mounted POSIX Message Queue File System.
[[0;32m  OK  [0[   19.501950] iscsi: registered transport (iser)
m] Mounted POSIX Message Queue File System.
[   19.515842] systemd[1]: Mounted Debug File System.
[[0;32m  OK  [0m] Mounted Debug File System.
[   19.579715] systemd[1]: Mounted Huge Pages File System.
[[0;32m  OK  [0m] Mounted Huge Pages File System.
[   19.630116] systemd[1]: Started Journal Service.
[[0;32m  OK  [0m] Started Journal Service.
[[0;32m  OK  [0m] Started Uncomplicated firewall.
[[0;32m  OK  [0m] Started Create list of required sta...ce nodes for the current kernel.
[[0;32m  OK  [0m] Started Load Kernel Modules.
[[0;32m  OK  [0m] Started Set console keymap.
[[0;32m  OK  [0m] Started Remount Root and Kernel File Systems.
[[0;32m  OK  [0m] Started Nameserver information manager.
[[0;32m  OK  [0m] Started LVM2 metadata daemon.
         Starting Load/Save Random Seed...
         Starting udev Coldplug all Devices...
         Starting Apply Kernel Variables...
         Mounting FUSE Control File System...
         Starting Create Static Device Nodes in /dev...
         Starting Flush Journal to Persistent Storage...
[[0;32m  OK  [0m] Mounted FUSE Control File System.
[[0;32m  OK  [0m] Started Load/Save Random Seed.
[[0;32m  OK  [0m] Started Monitoring of LVM2 mirrors,...ng dmeventd or progress polling.
[[0;32m  OK  [0m] Started Apply Kernel Variables.
[[0;32m  OK  [0m] Started Create Static Device Nodes in /dev.
[[0;32m  OK  [0m] Started udev Coldplug all Devices.
         Starting udev Kernel Device Manager...
[[0;32m  OK  [0m] Started Flush Journal to Persistent Storage.
[[0;32m  OK  [0m] Started udev Kernel Device Manager.
[[0;32m  OK  [0m] Reached target Local File Systems (Pre).
[[0;32m  OK  [0m] Reached target Local File Systems.
         Starting Initial cloud-init job (pre-networking)...
         Starting Commit a transient machine-id on disk...
         Starting Tell Plymouth To Write Out Runtime Data...
         Starting Set console font and keymap...
         Starting Create Volatile Files and Directories...
         Starting LSB: AppArmor initialization...
[[0;32m  OK  [0m] Started Dispatch Password Requests to Console Directory Watch.
[[0;32m  OK  [0m] Started Commit a transient machine-id on disk.
[[0;32m  OK  [0m] Found device /dev/ttyS0.
[[0;32m  OK  [0m] Listening on Load/Save RF Kill Switch Status /dev/rfkill Watch.
[[0;32m  OK  [0m] Started Create Volatile Files and Directories.
[[0;32m  OK  [0m] Started Tell Plymouth To Write Out Runtime Data.
         Starting Update UTMP about System Boot/Shutdown...
[[0;32m  OK  [0m] Started Update UTMP about System Boot/Shutdown.
[[0;32m  OK  [0m] Started Set console font and keymap.
[[0;32m  OK  [0m] Created slice system-getty.slice.
[[0;32m  OK  [0m] Started LSB: AppArmor initialization.
[   21.753710] cloud-init[471]: Cloud-init v. 18.3-9-g2e62cb8a-0ubuntu1~16.04.2 running 'init-local' at Thu, 08 Nov 2018 07:35:24 +0000. Up 21.28 seconds.
[[0;32m  OK  [0m] Started Initial cloud-init job (pre-networking).
[[0;32m  OK  [0m] Reached target Network (Pre).
         Starting Raise network interfaces...
[[0;32m  OK  [0m] Started Raise network interfaces.
         Starting Initial cloud-init job (metadata service crawler)...
[[0;32m  OK  [0m] Reached target Network.
[   24.381315] cloud-init[936]: Cloud-init v. 18.3-9-g2e62cb8a-0ubuntu1~16.04.2 running 'init' at Thu, 08 Nov 2018 07:35:25 +0000. Up 22.44 seconds.
[   24.387844] cloud-init[936]: ci-info: ++++++++++++++++++++++++++++++++++++++Net device info+++++++++++++++++++++++++++++++++++++++
[   24.440537] cloud-init[936]: ci-info: +--------+-------+----------------------------+---------------+--------+-------------------+
[   24.479108] cloud-init[936]: ci-info: | Device |   Up  |          Address           |      Mask     | Scope  |     Hw-Address    |
[   24.479256] cloud-init[936]: ci-info: +--------+-------+----------------------------+---------------+--------+-------------------+
[   24.480326] cloud-init[936]: ci-info: | enp0s3 |  True |         10.0.2.15          | 255.255.255.0 | global | 02:fb:a8:4c:29:d0 |
[   24.480412] cloud-init[936]: ci-info: | enp0s3 |  True | fe80::fb:a8ff:fe4c:29d0/64 |       .       |  link  | 02:fb:a8:4c:29:d0 |
[   24.480486] cloud-init[936]: ci-info: | enp0s8 | False |             .              |       .       |   .    | 08:00:27:da:c5:5e |
[   24.480559] cloud-init[936]: ci-info: |   lo   |  True |         127.0.0.1          |   255.0.0.0   |  host  |         .         |
[   24.480628] cloud-init[936]: ci-info: |   lo   |  True |          ::1/128           |       .       |  host  |         .         |
[   24.480696] cloud-init[936]: ci-info: +--------+-------+----------------------------+---------------+--------+-------------------+
[   24.480776] cloud-init[936]: ci-info: +++++++++++++++++++++++++++Route IPv4 info++++++++++++++++++++++++++++
[   24.480847] cloud-init[936]: ci-info: +-------+-------------+----------+---------------+-----------+-------+
[   24.480919] cloud-init[936]: ci-info: | Route | Destination | Gateway  |    Genmask    | Interface | Flags |
[   24.480988] cloud-init[936]: ci-info: +-------+-------------+----------+---------------+-----------+-------+
[   24.481055] cloud-init[936]: ci-info: |   0   |   0.0.0.0   | 10.0.2.2 |    0.0.0.0    |   enp0s3  |   UG  |
[   24.481125] cloud-init[936]: ci-info: |   1   |   10.0.2.0  | 0.0.0.0  | 255.255.255.0 |   enp0s3  |   U   |
[   24.481194] cloud-init[936]: ci-info: +-------+-------------+----------+---------------+-----------+-------+
[   24.481268] cloud-init[936]: ci-info: +++++++++++++++++++Route IPv6 info+++++++++++++++++++
[   24.481333] cloud-init[936]: ci-info: +-------+-------------+---------+-----------+-------+
[   24.481398] cloud-init[936]: ci-info: | Route | Destination | Gateway | Interface | Flags |
[   24.481461] cloud-init[936]: ci-info: +-------+-------------+---------+-----------+-------+
[   24.481526] cloud-init[936]: ci-info: |   0   |  fe80::/64  |    ::   |   enp0s3  |   U   |
[   24.481667] cloud-init[936]: ci-info: |   3   |   ff00::/8  |    ::   |   enp0s3  |   U   |
[   24.481744] cloud-init[936]: ci-info: +-------+-------------+---------+-----------+-------+
[   24.481809] cloud-init[936]: Generating public/private rsa key pair.
[   24.481873] cloud-init[936]: Your identification has been saved in /etc/ssh/ssh_host_rsa_key.
[   24.481937] cloud-init[936]: Your public key has been saved in /etc/ssh/ssh_host_rsa_key.pub.
[   24.482000] cloud-init[936]: The key fingerprint is:
[   24.482063] cloud-init[936]: SHA256:Mm86sWZ8RB2S/Xpr7HA6fGm1OhGaDmHgUcU/SgTTjC8 root@ubuntu-xenial
[   24.482128] cloud-init[936]: The key's randomart image is:
[   24.482192] cloud-init[936]: +---[RSA 2048]----+
[   24.482261] cloud-init[936]: |       .+X.      |
[   24.482331] cloud-init[936]: |      o +.B      |
[   24.482405] cloud-init[936]: |     . o = +     |
[   24.482483] cloud-init[936]: |      . E + =    |
[   24.482560] cloud-init[936]: |      ooS+ = o   |
[   24.482656] cloud-init[936]: |      .+o = o .  |
[   24.482762] cloud-init[936]: |     . +o+.o.= . |
[   24.482879] cloud-init[936]: |      *o. ++O .  |
[   24.482992] cloud-init[936]: |     o.o  .*oo   |
[   24.483085] cloud-init[936]: +----[SHA256]-----+
[   24.483177] cloud-init[936]: Generating public/private dsa key pair.
[   24.483270] cloud-init[936]: Your identification has been saved in /etc/ssh/ssh_host_dsa_key.
[   24.483364] cloud-init[936]: Your public key has been saved in /etc/ssh/ssh_host_dsa_key.pub.
[   24.483442] cloud-init[936]: The key fingerprint is:
[   24.483524] cloud-init[936]: SHA256:qJrI8UK+lsrfOQo9saeyZpY+ALuJsbK7vSnoQJfAxfU root@ubuntu-xenial
[   24.483588] cloud-init[936]: The key's randomart image is:
[   24.483651] cloud-init[936]: +---[DSA 1024]----+
[[0;32m  OK  [0m] Started Initial cloud-init job (metadata service crawler).
[   24.812423] cloud-init[936]: |  ....           |
[   24.866782] cloud-init[936]: |. ..  .          |
[   24.866997] cloud-init[936]: | o     E         |
[   24.867102] cloud-init[936]: |. . .  .         |
[   24.867199] cloud-init[936]: |.o +  . S        |
[   24.867300] cloud-init[936]: |=.o o.           |
[   24.867402] cloud-init[936]: |BBo+..           |
[   24.867504] cloud-init[936]: |%#++=..          |
[   24.867614] cloud-init[936]: |/%&*.o.          |
[   24.867706] cloud-init[936]: +----[SHA256]-----+
[   24.867807] cloud-init[936]: Generating public/private ecdsa key pair.
[   24.867910] cloud-init[936]: Your identification has been saved in /etc/ssh/ssh_host_ecdsa_key.
[   24.868010] cloud-init[936]: Your public key has been saved in /etc/ssh/ssh_host_ecdsa_key.pub.
[   24.868229] cloud-init[936]: The key fingerprint is:
[   24.868330] cloud-init[936]: SHA256:uPja/XciZncEzIwYalFtU8yxS/rg0RuA3eprSCB94Ek root@ubuntu-xenial
[   24.868424] cloud-init[936]: The key's randomart image is:
[   24.868526] cloud-init[936]: +---[ECDSA 256]---+
[[0;32m  OK  [0m] Reached target Cloud-config availability.
[   24.868623] cloud-init[936]: |       ... +o.   |
[   25.302407] cloud-init[936]: |      E .o+.o.   |
[   25.302596] cloud-init[936]: |     + =.+o*+    |
[   25.302723] cloud-init[936]: |    . B.o .*=.   |
[   25.302824] cloud-init[936]: |     o.oS = +.   |
[   25.302924] cloud-init[936]: |     . ..o + o.  |
[   25.303026] cloud-init[936]: |    . .. .o o.   |
[   25.303127] cloud-init[936]: |     o .. =.+ o  |
[   25.303295] cloud-init[936]: |    ..o .=o+ +   |
[   25.303466] cloud-init[936]: +----[SHA256]-----+
[   25.303624] cloud-init[936]: Generating public/private ed25519 key pair.
[   25.303787] cloud-init[936]: Your identification has been saved in /etc/ssh/ssh_host_ed25519_key.
[[0;32m  OK  [0m[   25.303949] ] cloud-initReached target System Initialization.[936]: 
Your public key has been saved in /etc/ssh/ssh_host_ed25519_key.pub.
[   25.304101] cloud-init[936]: The key fingerprint is:
[   25.432222] cloud-init[936]: SHA256:wzmuNI2vQF5E3xLKjxhM7ipTqZ0+buMVrY+ZgLLVt5A root@ubuntu-xenial
[   25.508593] cloud-init[936]: The key's randomart image is:
[   25.509665] cloud-init[936]: +--[ED25519 256]--+
[   25.514794] cloud-init[936]: |    . . .        |
[   25.515511] cloud-init[936]: |   + o o o       |
[[   25.552648] cloud-init[936]: |    + + o .      |
[   25.552907] cloud-init[936]: |   o = + o       |
[   25.553035] cloud-init[936]: |  o = + S        |
[   25.553175] cloud-init[936]: | = * = + o       |
[   25.553316] cloud-init[936]: |* * E = o        |
[0;32m  OK  [0m] Started ACPI Events Check.
[[   25.553460] cloud-init[936]: |.*+o X =         |
[0;32m  OK  [0m] Reached target Paths.[   25.569088] 
cloud-init[936]: |.++o+ =..        |
[   25.609755] cloud-init[936]: +----[SHA256]-----+
         Starting Socket activation for snappy daemon.
[[0;32m  OK  [0m] Started Daily Cleanup of Temporary Directories.
[[0;32m  OK  [0m] Started Daily apt download activities.
[[0;32m  OK  [0m] Started Daily apt upgrade and clean activities.
[[0;32m  OK  [0m] Reached target Timers.
[[0;32m  OK  [0m] Listening on ACPID Listen Socket.
         Starting LXD - unix socket.
[[0;32m  OK  [0m] Listening on UUID daemon activation socket.
[[0;32m  OK  [0m] Listening on D-Bus System Message Bus Socket.
[[0;32m  OK  [0m] Reached target Network is Online.
         Starting iSCSI initiator daemon (iscsid)...
[[0;32m  OK  [0m] Listening on Socket activation for snappy daemon.
[[0;32m  OK  [0m] Listening on LXD - unix socket.
[[0;32m  OK  [0m] Reached target Sockets.
[[0;32m  OK  [0m] Reached target Basic System.
[[0;32m  OK  [0m] Started Deferred execution scheduler.
         Starting Login Service...
         Starting LSB: MD monitoring daemon...
[[0;32m  OK  [0m] Started FUSE filesystem for LXC.
         Starting /etc/rc.local Compatibility...
         Starting Pollinate to seed the pseudo random number generator...
         Starting Virtualbox guest utils...
[[0;32m  OK  [0m] Started Regular background program processing daemon.
[[0;32m  OK  [0m] Started ACPI event daemon.
[[0;32m  OK  [0m] Started Unattended Upgrades Shutdown.
         Starting LSB: Record successful boot for GRUB...
[[0;32m  OK  [0m] Started D-Bus System Message Bus.
         Starting LXD - container startup/shutdown...
         Starting Snappy daemon...
         Starting System Logging Service...
         Starting Accounts Service...
[[0;32m  OK  [0m] Started /etc/rc.local Compatibility.
[[0;32m  OK  [0m] Started Login Service.
[[0;32m  OK  [0m] Started LSB: Record successful boot for GRUB.
[[0;32m  OK  [0m] Started iSCSI initiator daemon (iscsid).
         Starting Login to default iSCSI targets...
[[0;32m  OK  [0m] Started LSB: MD monitoring daemon.
[[0;32m  OK  [0m] Started System Logging Service.
[[0;32m  OK  [0m] Started Login to default iSCSI targets.
[[0;32m  OK  [0m] Reached target Remote File Systems (Pre).
[[0;32m  OK  [0m] Reached target Remote File Systems.
         Starting Permit User Sessions...
         Starting LSB: Set the CPU Frequency Scaling governor to "ondemand"...
         Starting LSB: daemon to balance interrupts for SMP systems...
         Starting LSB: automatic crash report generation...
[[0;32m  OK  [0m] Started Permit User Sessions.
         Starting Hold until boot process finishes up...
         Starting Terminate Plymouth Boot Screen...
[[0;32m  OK  [0m] Started LSB: Set the CPU Frequency Scaling governor to "ondemand".
[[0;32m  OK  [0m] Started Hold until boot process finishes up.
[[0;32m  OK  [0m] Started Terminate Plymouth Boot Screen.
[[0;32m  OK  [0m] Started Getty on tty1.
[[0;32m  OK  [0m] Started Serial Getty on ttyS0.
[[0;32m  OK  [0m] Reached target Login Prompts.
         Starting Set console scheme...
[[0;32m  OK  [0m] Started LSB: automatic crash report generation.
[[0;32m  OK  [0m] Started Set console scheme.
[[0;32m  OK  [0m] Started LSB: daemon to balance interrupts for SMP systems.
[[0;32m  OK  [0m] Started Virtualbox guest utils.
         Starting Authenticate and Authorize Users to Run Privileged Tasks...
[[0;32m  OK  [0m] Started Authenticate and Authorize Users to Run Privileged Tasks.
[[0;32m  OK  [0m] Started Accounts Service.
[[0;32m  OK  [0m] Started Pollinate to seed the pseudo random number generator.
         Starting OpenBSD Secure Shell server...
[[0;32m  OK  [0m] Started OpenBSD Secure Shell server.
[[0;32m  OK  [0m] Started Snappy daemon.
         Starting Wait until snapd is fully seeded...
[[0;32m  OK  [0m] Started LXD - container startup/shutdown.
[[0;32m  OK  [0m] Created slice User Slice of vagrant.
         Starting User Manager for UID 1000...
[[0;32m  OK  [0m] Started Session 1 of user vagrant.
[[0;32m  OK  [0m] Started User Manager for UID 1000.
[   34.866089] cloud-init[1322]: Generating locales (this might take a while)...

Ubuntu 16.04.5 LTS ubuntu-xenial ttyS0

ubuntu-xenial login: [   35.861890] cloud-init[1322]:   en_US.UTF-8... done
[   35.862595] cloud-init[1322]: Generation complete.
[   37.068519] cloud-init[1322]: Cloud-init v. 18.3-9-g2e62cb8a-0ubuntu1~16.04.2 running 'modules:config' at Thu, 08 Nov 2018 07:35:37 +0000. Up 34.45 seconds.
ci-info: no authorized ssh keys fingerprints found for user ubuntu.
<14>Nov  8 07:35:40 ec2: 
<14>Nov  8 07:35:40 ec2: #############################################################
<14>Nov  8 07:35:40 ec2: -----BEGIN SSH HOST KEY FINGERPRINTS-----
<14>Nov  8 07:35:40 ec2: 1024 SHA256:qJrI8UK+lsrfOQo9saeyZpY+ALuJsbK7vSnoQJfAxfU root@ubuntu-xenial (DSA)
<14>Nov  8 07:35:40 ec2: 256 SHA256:uPja/XciZncEzIwYalFtU8yxS/rg0RuA3eprSCB94Ek root@ubuntu-xenial (ECDSA)
<14>Nov  8 07:35:40 ec2: 256 SHA256:wzmuNI2vQF5E3xLKjxhM7ipTqZ0+buMVrY+ZgLLVt5A root@ubuntu-xenial (ED25519)
<14>Nov  8 07:35:40 ec2: 2048 SHA256:Mm86sWZ8RB2S/Xpr7HA6fGm1OhGaDmHgUcU/SgTTjC8 root@ubuntu-xenial (RSA)
<14>Nov  8 07:35:40 ec2: -----END SSH HOST KEY FINGERPRINTS-----
<14>Nov  8 07:35:40 ec2: #############################################################
-----BEGIN SSH HOST KEY KEYS-----
ecdsa-sha2-nistp256 AAAAE2VjZHNhLXNoYTItbmlzdHAyNTYAAAAIbmlzdHAyNTYAAABBBD0Ujw5UZmuM8Y2u8TMEAfrVvc5IdLKWfOeZLg5DSQzhkSEPnX0MshaihM8zjQOUI3wbsq+RouIOg7SuFB1eL1w= root@ubuntu-xenial
ssh-ed25519 AAAAC3NzaC1lZDI1NTE5AAAAIBug5kDeJIbdu9lQeI/Z4BYzRZJUYdu5ahpAuJ0DA5iD root@ubuntu-xenial
ssh-rsa AAAAB3NzaC1yc2EAAAADAQABAAABAQDprfUdy68/sUoe38Wj4/1WBLIGLXkREfRy1EU78zofeGZUZ0ltuS7MpPAphKNIgo4zePUphfhDEAVaLty+zo4vbXLNM6EYCCCed7Lt48AWgnqMDjMZqb9e55/9Twb8J7GxrpZ70VcEydt+sliug0SatPlKj+dwP9AZYKC8eS9RI1Je08BI49WGMhvMvvh3kw3YyBKzK/3IK2yOdrPLRynM7Z+1sAvbO9rFMCCr36wKt876ywuKRBFafKCxJY7ylSXxsVpC3DsEBn4Bn/VxkOPz340G34wr6GIaxM6jcwSgOEhp9zRgL+Mpu2ySVIpwjsVvM04bXET8jAPnMTarrFPx root@ubuntu-xenial
-----END SSH HOST KEY KEYS-----
[   37.431295] cloud-init[1452]: Cloud-init v. 18.3-9-g2e62cb8a-0ubuntu1~16.04.2 running 'modules:final' at Thu, 08 Nov 2018 07:35:40 +0000. Up 37.29 seconds.
[   37.431447] cloud-init[1452]: ci-info: no authorized ssh keys fingerprints found for user ubuntu.
[   37.431540] cloud-init[1452]: Cloud-init v. 18.3-9-g2e62cb8a-0ubuntu1~16.04.2 finished at Thu, 08 Nov 2018 07:35:40 +0000. Datasource DataSourceNoCloud [seed=/dev/sdb][dsmode=net].  Up 37.42 seconds
[[0;32m  OK  [0m] Stopped target Graphical Interface.
         Stopping ACPI event daemon...
         Stopping User Manager for UID 1000...
         Stopping Session 5 of user vagrant.
         Stopping Authenticate and Authorize Users to Run Privileged Tasks...
[[0;32m  OK  [0m] Stopped target Timers.
[[0;32m  OK  [0m] Stopped Daily Cleanup of Temporary Directories.
         Stopping Session 2 of user vagrant.
         Stopping Accounts Service...
[[0;32m  OK  [0m] Closed Load/Save RF Kill Switch Status /dev/rfkill Watch.
[[0;32m  OK  [0m] Stopped Daily apt upgrad          Stopping LSB: daemon to balance interrupts for SMP systems...
         Stopping OpenBSD Secure Shell server...
         Stopping LSB: automatic crash report generation...
         Stopping LXD - container startup/shutdown...
[[0;32m  OK  [0m] Unmounted /var/lib/lxcfs.
[[0;32m  OK  [0m] Stopped Deferred execution scheduler.
[[0;32m  OK  [0m] Stopped Regular background program processing daemon.
[[0;32m  OK  [0m] Stopped ACPI event daemon.
[[0;32m  OK  [0m] Stopped Snappy daemon.
[[0;32m  OK  [0m] Stopped System Logging Service.
[[0;32m  OK  [0m] Stopped Accounts Service.
[[0;32m  OK  [0m] Stopped Getty on tty1.
[[0;32m  OK  [0m] Stopped Serial Getty on ttyS0.
[[0;32m  OK  [0m] Stopped Authenticate and Authorize Users to Run Privileged Tasks.
[[0;32m  OK  [0m] Stopped OpenBSD Secure Shell server.
[[0;32m  OK  [0m] Stopped User Manager for UID 1000.
[[0;32m  OK  [0m] Stopped Session 2 of user vagrant.
[[0;32m  OK  [0m] Stopped Session 5 of user vagrant.
[[0;32m  OK  [0m] Stopped D-Bus System Message Bus.
[[0;32m  OK  [0m] Stopped Unattended Upgrades Shutdown.
[[0;32m  OK  [0m] Stopped FUSE filesystem for LXC.
[[0;32m  OK  [0m] Stopped LSB: MD monitoring daemon.
[[0;32m  OK  [0m] Stopped LSB: Set the CPU Frequency Scaling governor to "ondemand".
[[0;32m  OK  [0m] Stopped LSB: Record successful boot for GRUB.
[[0;32m  OK  [0m] Stopped LSB: daemon to balance interrupts for SMP systems.
[[0;32m  OK  [0m] Stopped LXD - container startup/shutdown.
[[0;32m  OK  [0m] Stopped LSB: automatic crash report generation.
[[0;32m  OK  [0m] Stopped Virtualbox guest utils.
[[0;32m  OK  [0m] Removed slice User Slice of vagrant.
         Stopping Login Service...
[[0;32m  OK  [0m] Removed slice system-serial\x2dgetty.slice.
[[0;32m  OK  [0m] Stopped /etc/rc.local Compatibility.
         Stopping Permit User Sessions...
[[0;32m  OK  [0m] Removed slice system-getty.slice.
[[0;32m  OK  [0m] Stopped Permit User Sessions.
[[0;32m  OK  [0m] Stopped Login Service.
[[0;32m  OK  [0m] Stopped target User and Group Name Lookups.
[[0;32m  OK  [0m] Stopped LSB: Squid HTTP Proxy version 3.x.
[[0;32m  OK  [0m] Stopped target Basic System.
[[0;32m  OK  [0m] Stopped target Sockets.
[[0;32m  OK  [0m] Closed UUID daemon activation socket.
[[0;32m  OK  [0m] Closed ACPID Listen Socket.
[[0;32m  OK  [0m] Closed Socket activation for snappy daemon.
[[0;32m  OK  [0m] Closed Syslog Socket.
[[0;32m  OK  [0m] Closed D-Bus System Message Bus Socket.
[[0;32m  OK  [0m] Closed LXD - unix socket.
[[0;32m  OK  [0m] Stopped target Paths.
[[0;32m  OK  [0m] Stopped Forward Password Requests to Wall Directory Watch.
[[0;32m  OK  [0m] Stopped Dispatch Password Requests to Console Directory Watch.
[[0;32m  OK  [0m] Stopped ACPI Events Check.
[[0;32m  OK  [0m] Stopped target Slices.
[[0;32m  OK  [0m] Removed slice User and Session Slice.
[[0;32m  OK  [0m] Stopped target Remote File Systems.
[[0;32m  OK  [0m] Stopped target Remote File Systems (Pre).
         Stopping Login to default iSCSI targets...
[[0;32m  OK  [0m] Stopped target System Initialization.
[[0;32m  OK  [0m] Stopped target Swap.
[[0;32m  OK  [0m] Stopped Commit a transient machine-id on disk.
[[0;32m  OK  [0m] Stopped target Encrypted Volumes.
         Stopping Update UTMP about System Boot/Shutdown...
         Stopping Load/Save Random Seed...
[[0;32m  OK  [0m] Stopped Load/Save Random Seed.
[[0;32m  OK  [0m] Stopped Update UTMP about System Boot/Shutdown.
[[0;32m  OK  [0m] Stopped Create Volatile Files and Directories.
[[0;32m  OK  [0m] Stopped Login to default iSCSI targets.
         Stopping iSCSI initiator daemon (iscsid)...
[[0;32m  OK  [0m] Stopped iSCSI initiator daemon (iscsid).
[[0;32m  OK  [0m] Stopped target Network is Online.
[[0;32m  OK  [0m] Stopped Initial cloud-init job (metadata service crawler).
[[0;32m  OK  [0m] Stopped target Network.
         Stopping Raise network interfaces...
[[0;32m  OK  [0m] Stopped Raise network interfaces.
[[0;32m  OK  [0m] Stopped Apply Kernel Variables.
[[0;32m  OK  [0m] Stopped target Local File Systems.
         Unmounting /vagrant...
         Unmounting /run/user/1000...
[[0;32m  OK  [0m] Stopped target Network (Pre).
[[0;32m  OK  [0m] Stopped Initial cloud-init job (pre-networking).
[[0;32m  OK  [0m] Stopped Load Kernel Modules.
[[0;32m  OK  [0m] Unmounted /vagrant.
[[0;32m  OK  [0m] Unmounted /run/user/1000.
[[0;32m  OK  [0m] Reached target Unmount All Filesystems.
[[0;32m  OK  [0m] Stopped target Local File Systems (Pre).
[[0;32m  OK  [0m] Stopped Create Static Device Nodes in /dev.
[[0;32m  OK  [0m] Stopped Remount Root and Kernel File Systems.
[[0;32m  OK  [0m] Reached target Shutdown.
[ 2880.841978 root: Power down
